#
# There is insufficient memory for the Java Runtime Environment to continue.
# Native memory allocation (malloc) failed to allocate 32744 bytes. Error detail: Chunk::new
# Possible reasons:
#   The system is out of physical RAM or swap space
#   This process is running with CompressedOops enabled, and the Java Heap may be blocking the growth of the native heap
# Possible solutions:
#   Reduce memory load on the system
#   Increase physical memory or swap space
#   Check if swap backing store is full
#   Decrease Java heap size (-Xmx/-Xms)
#   Decrease number of Java threads
#   Decrease Java thread stack sizes (-Xss)
#   Set larger code cache with -XX:ReservedCodeCacheSize=
#   JVM is running with Unscaled Compressed Oops mode in which the Java heap is
#     placed in the first 4GB address space. The Java Heap base address is the
#     maximum limit for the native heap growth. Please use -XX:HeapBaseMinAddress
#     to set the Java Heap base and to place the Java Heap above 4GB virtual address.
# This output file may be truncated or incomplete.
#
#  Out of Memory Error (arena.cpp:168), pid=6348, tid=19048
#
# JRE version: OpenJDK Runtime Environment Microsoft-14941484 (21.0.12.1+1) (build 21.0.12.1+1-LTS)
# Java VM: OpenJDK 64-Bit Server VM Microsoft-14941484 (21.0.12.1+1-LTS, mixed mode, emulated-client, sharing, tiered, compressed oops, compressed class ptrs, g1 gc, windows-amd64)
# No core dump will be written. Minidumps are not enabled by default on client versions of Windows
#

---------------  S U M M A R Y ------------

Command Line: -XX:TieredStopAtLevel=1 com.fitouts.FitOutsApplication

Host: Intel(R) Core(TM) i3-1005G1 CPU @ 1.20GHz, 4 cores, 7G,  Windows 11 , 64 bit Build 26100 (10.0.26100.9168)
Time: Mon Sep  7 17:22:06 2026 India Standard Time elapsed time: 6640.918700 seconds (0d 1h 50m 40s)

---------------  T H R E A D  ---------------

Current thread (0x000002e57db92a70):  JavaThread "C1 CompilerThread1" daemon [_thread_in_native, id=19048, stack(0x000000eb9af00000,0x000000eb9b000000) (1024K)]


Current CompileTask:
C1:6640919 85786       1       org.postgresql.jdbc.PgDatabaseMetaData::getTables (378 bytes)

Stack: [0x000000eb9af00000,0x000000eb9b000000]
Native frames: (J=compiled Java code, j=interpreted, Vv=VM code, C=native code)
V  [jvm.dll+0x6e0c09]  (no source info available)
V  [jvm.dll+0x8c0e1b]  (no source info available)
V  [jvm.dll+0x8c33ad]  (no source info available)
V  [jvm.dll+0x8c3a83]  (no source info available)
V  [jvm.dll+0x28ac66]  (no source info available)
V  [jvm.dll+0xc91cd]  (no source info available)
V  [jvm.dll+0xc971c]  (no source info available)
V  [jvm.dll+0x160e75]  (no source info available)
V  [jvm.dll+0x16cee6]  (no source info available)
V  [jvm.dll+0x16fec7]  (no source info available)
V  [jvm.dll+0x16f8cf]  (no source info available)
V  [jvm.dll+0x1671e7]  (no source info available)
V  [jvm.dll+0x1697bb]  (no source info available)
V  [jvm.dll+0x1679f9]  (no source info available)
V  [jvm.dll+0x161891]  (no source info available)
V  [jvm.dll+0x171518]  (no source info available)
V  [jvm.dll+0x15ce75]  (no source info available)
V  [jvm.dll+0x15d1dc]  (no source info available)
V  [jvm.dll+0x15d556]  (no source info available)
V  [jvm.dll+0x15c76c]  (no source info available)
V  [jvm.dll+0x15e52d]  (no source info available)
V  [jvm.dll+0x261bda]  (no source info available)
V  [jvm.dll+0x25ff45]  (no source info available)
V  [jvm.dll+0x402695]  (no source info available)
V  [jvm.dll+0x86ba8d]  (no source info available)
V  [jvm.dll+0x6e21bd]  (no source info available)
C  [ucrtbase.dll+0x2cd30]  (no source info available)
C  [KERNEL32.DLL+0x2ccb7]  (no source info available)
C  [ntdll.dll+0xaad6c]  (no source info available)


---------------  P R O C E S S  ---------------

Threads class SMR info:
_java_thread_list=0x000002e57dc009f0, length=23, elements={
0x000002e52f1287a0, 0x000002e52f128e10, 0x000002e52f129ba0, 0x000002e52f12a490,
0x000002e52f138b30, 0x000002e52f13b2c0, 0x000002e52f141e40, 0x000002e52f1391f0,
0x000002e52f13c670, 0x000002e577356200, 0x000002e57d5a70a0, 0x000002e57d5a6a10,
0x000002e57d5a7730, 0x000002e577355b70, 0x000002e57d062410, 0x000002e577352060,
0x000002e57d061060, 0x000002e57d065f20, 0x000002e57d5aabb0, 0x000002e57d5a8ae0,
0x000002e57db92a70, 0x000002e57d5ab8d0, 0x000002e57d5acc80
}

Java Threads: ( => current thread )
  0x000002e52f1287a0 JavaThread "Reference Handler"          daemon [_thread_blocked, id=20368, stack(0x000000eb9a100000,0x000000eb9a200000) (1024K)]
  0x000002e52f128e10 JavaThread "Finalizer"                  daemon [_thread_blocked, id=20440, stack(0x000000eb9a200000,0x000000eb9a300000) (1024K)]
  0x000002e52f129ba0 JavaThread "Signal Dispatcher"          daemon [_thread_blocked, id=17064, stack(0x000000eb9a300000,0x000000eb9a400000) (1024K)]
  0x000002e52f12a490 JavaThread "Attach Listener"            daemon [_thread_blocked, id=20264, stack(0x000000eb9a400000,0x000000eb9a500000) (1024K)]
  0x000002e52f138b30 JavaThread "Service Thread"             daemon [_thread_blocked, id=8824, stack(0x000000eb9a500000,0x000000eb9a600000) (1024K)]
  0x000002e52f13b2c0 JavaThread "Monitor Deflation Thread"   daemon [_thread_blocked, id=6980, stack(0x000000eb9a600000,0x000000eb9a700000) (1024K)]
  0x000002e52f141e40 JavaThread "C1 CompilerThread0"         daemon [_thread_in_native, id=12604, stack(0x000000eb9a700000,0x000000eb9a800000) (1024K)]
  0x000002e52f1391f0 JavaThread "Notification Thread"        daemon [_thread_blocked, id=19752, stack(0x000000eb9a800000,0x000000eb9a900000) (1024K)]
  0x000002e52f13c670 JavaThread "Common-Cleaner"             daemon [_thread_blocked, id=20136, stack(0x000000eb9a900000,0x000000eb9aa00000) (1024K)]
  0x000002e577356200 JavaThread "Live Reload Server"         daemon [_thread_in_native, id=20804, stack(0x000000eb9bb00000,0x000000eb9bc00000) (1024K)]
  0x000002e57d5a70a0 JavaThread "DestroyJavaVM"                     [_thread_blocked, id=2332, stack(0x000000eb99900000,0x000000eb99a00000) (1024K)]
  0x000002e57d5a6a10 JavaThread "File Watcher"               daemon [_thread_blocked, id=18376, stack(0x000000eb9aa00000,0x000000eb9ab00000) (1024K)]
  0x000002e57d5a7730 JavaThread "File Watcher"               daemon [_thread_in_native, id=16108, stack(0x000000eb9b300000,0x000000eb9b400000) (1024K)]
  0x000002e577355b70 JavaThread "File Watcher"               daemon [_thread_in_native, id=8496, stack(0x000000eb99800000,0x000000eb99900000) (1024K)]
  0x000002e57d062410 JavaThread "File Watcher"               daemon [_thread_in_native, id=4260, stack(0x000000eb9ab00000,0x000000eb9ac00000) (1024K)]
  0x000002e577352060 JavaThread "File Watcher"               daemon [_thread_in_native, id=19684, stack(0x000000eb9b400000,0x000000eb9b500000) (1024K)]
  0x000002e57d061060 JavaThread "Thread-57"                         [_thread_blocked, id=6384, stack(0x000000eb99600000,0x000000eb99700000) (1024K)]
  0x000002e57d065f20 JavaThread "File Watcher"               daemon [_thread_in_native, id=14344, stack(0x000000eb9b100000,0x000000eb9b200000) (1024K)]
  0x000002e57d5aabb0 JavaThread "File Watcher"               daemon [_thread_blocked, id=17000, stack(0x000000eb9b500000,0x000000eb9b600000) (1024K)]
  0x000002e57d5a8ae0 JavaThread "restartedMain"                     [_thread_in_native, id=11816, stack(0x000000eb99700000,0x000000eb99800000) (1024K)]
=>0x000002e57db92a70 JavaThread "C1 CompilerThread1"         daemon [_thread_in_native, id=19048, stack(0x000000eb9af00000,0x000000eb9b000000) (1024K)]
  0x000002e57d5ab8d0 JavaThread "PostgreSQL-JDBC-Cleaner"    daemon [_thread_blocked, id=20180, stack(0x000000eb9b600000,0x000000eb9b700000) (1024K)]
  0x000002e57d5acc80 JavaThread "HikariPool-21:housekeeper"  daemon [_thread_blocked, id=11420, stack(0x000000eb9b700000,0x000000eb9b800000) (1024K)]
Total: 23

Other Threads:
  0x000002e52f107210 VMThread "VM Thread"                           [id=20868, stack(0x000000eb9a000000,0x000000eb9a100000) (1024K)]
  0x000002e52f0f7370 WatcherThread "VM Periodic Task Thread"        [id=20320, stack(0x000000eb99f00000,0x000000eb9a000000) (1024K)]
  0x000002e51ef77d20 WorkerThread "GC Thread#0"                     [id=20052, stack(0x000000eb99a00000,0x000000eb99b00000) (1024K)]
  0x000002e52f9c5ef0 WorkerThread "GC Thread#1"                     [id=1156, stack(0x000000eb9ac00000,0x000000eb9ad00000) (1024K)]
  0x000002e52f9c62a0 WorkerThread "GC Thread#2"                     [id=19352, stack(0x000000eb9ad00000,0x000000eb9ae00000) (1024K)]
  0x000002e52f9f7b70 WorkerThread "GC Thread#3"                     [id=13028, stack(0x000000eb9ae00000,0x000000eb9af00000) (1024K)]
  0x000002e51ef887f0 ConcurrentGCThread "G1 Main Marker"            [id=8160, stack(0x000000eb99b00000,0x000000eb99c00000) (1024K)]
  0x000002e51ef8ac30 WorkerThread "G1 Conc#0"                       [id=20428, stack(0x000000eb99c00000,0x000000eb99d00000) (1024K)]
  0x000002e52efbf5d0 ConcurrentGCThread "G1 Refine#0"               [id=10012, stack(0x000000eb99d00000,0x000000eb99e00000) (1024K)]
  0x000002e52efc1a20 ConcurrentGCThread "G1 Service"                [id=5072, stack(0x000000eb99e00000,0x000000eb99f00000) (1024K)]
Total: 10

Threads with active compile tasks:
C1 CompilerThread0  6641109 85788   !   1       org.hibernate.tool.schema.extract.spi.ExtractionContext::getQueryResults (153 bytes)
C1 CompilerThread1  6641109 85786       1       org.postgresql.jdbc.PgDatabaseMetaData::getTables (378 bytes)
Total: 2

VM state: not at safepoint (normal execution)

VM Mutex/Monitor currently owned by a thread: None

Heap address: 0x0000000083a00000, size: 1990 MB, Compressed Oops mode: 32-bit

CDS archive(s) mapped at: [0x000002e530000000-0x000002e530c80000-0x000002e530c80000), size 13107200, SharedBaseAddress: 0x000002e530000000, ArchiveRelocationMode: 1.
Compressed class space mapped at: 0x000002e531000000-0x000002e571000000, reserved size: 1073741824
Narrow klass base: 0x000002e530000000, Narrow klass shift: 0, Narrow klass range: 0x100000000

GC Precious Log:
 CardTable entry size: 512
 Card Set container configuration: InlinePtr #cards 5 size 8 Array Of Cards #cards 12 size 40 Howl #buckets 4 coarsen threshold 1843 Howl Bitmap #cards 512 size 80 coarsen threshold 460 Card regions per heap region 1 cards per card region 2048
 CPUs: 4 total, 4 available
 Memory: 7959M
 Large Page Support: Disabled
 NUMA Support: Disabled
 Compressed Oops: Enabled (32-bit)
 Heap Region Size: 1M
 Heap Min Capacity: 8M
 Heap Initial Capacity: 126M
 Heap Max Capacity: 1990M
 Pre-touch: Disabled
 Parallel Workers: 4
 Concurrent Workers: 1
 Concurrent Refinement Workers: 4
 Periodic GC: Disabled

Heap:
 garbage-first heap   total 223232K, used 180298K [0x0000000083a00000, 0x0000000100000000)
  region size 1024K, 83 young (84992K), 3 survivors (3072K)
 Metaspace       used 127832K, committed 129472K, reserved 1179648K
  class space    used 16705K, committed 17728K, reserved 1048576K

Heap Regions: E=young(eden), S=young(survivor), O=old, HS=humongous(starts), HC=humongous(continues), CS=collection set, F=free, TAMS=top-at-mark-start, PB=parsable bottom
|   0|0x0000000083a00000, 0x0000000083b00000, 0x0000000083b00000|100%|HS|  |TAMS 0x0000000083a00000| PB 0x0000000083a00000| Complete 
|   1|0x0000000083b00000, 0x0000000083c00000, 0x0000000083c00000|100%|HS|  |TAMS 0x0000000083b00000| PB 0x0000000083b00000| Complete 
|   2|0x0000000083c00000, 0x0000000083d00000, 0x0000000083d00000|100%| O|  |TAMS 0x0000000083c00000| PB 0x0000000083c00000| Untracked 
|   3|0x0000000083d00000, 0x0000000083e00000, 0x0000000083e00000|100%| O|  |TAMS 0x0000000083d00000| PB 0x0000000083d00000| Untracked 
|   4|0x0000000083e00000, 0x0000000083f00000, 0x0000000083f00000|100%| O|  |TAMS 0x0000000083e00000| PB 0x0000000083e00000| Untracked 
|   5|0x0000000083f00000, 0x0000000084000000, 0x0000000084000000|100%| O|  |TAMS 0x0000000083f00000| PB 0x0000000083f00000| Untracked 
|   6|0x0000000084000000, 0x00000000840fe898, 0x0000000084100000| 99%| O|  |TAMS 0x0000000084000000| PB 0x0000000084000000| Untracked 
|   7|0x0000000084100000, 0x0000000084200000, 0x0000000084200000|100%| O|  |TAMS 0x0000000084100000| PB 0x0000000084100000| Untracked 
|   8|0x0000000084200000, 0x00000000842ffff0, 0x0000000084300000| 99%| O|  |TAMS 0x0000000084200000| PB 0x0000000084200000| Untracked 
|   9|0x0000000084300000, 0x0000000084400000, 0x0000000084400000|100%| O|  |TAMS 0x0000000084300000| PB 0x0000000084300000| Untracked 
|  10|0x0000000084400000, 0x00000000844ffff0, 0x0000000084500000| 99%| O|  |TAMS 0x0000000084400000| PB 0x0000000084400000| Untracked 
|  11|0x0000000084500000, 0x00000000845fffb0, 0x0000000084600000| 99%| O|  |TAMS 0x0000000084500000| PB 0x0000000084500000| Untracked 
|  12|0x0000000084600000, 0x00000000846fffb8, 0x0000000084700000| 99%| O|  |TAMS 0x0000000084600000| PB 0x0000000084600000| Untracked 
|  13|0x0000000084700000, 0x00000000847fffb0, 0x0000000084800000| 99%| O|  |TAMS 0x0000000084700000| PB 0x0000000084700000| Untracked 
|  14|0x0000000084800000, 0x00000000848fffb8, 0x0000000084900000| 99%| O|  |TAMS 0x0000000084800000| PB 0x0000000084800000| Untracked 
|  15|0x0000000084900000, 0x00000000849ffff8, 0x0000000084a00000| 99%| O|  |TAMS 0x0000000084900000| PB 0x0000000084900000| Untracked 
|  16|0x0000000084a00000, 0x0000000084afffd0, 0x0000000084b00000| 99%| O|  |TAMS 0x0000000084a00000| PB 0x0000000084a00000| Untracked 
|  17|0x0000000084b00000, 0x0000000084bffff0, 0x0000000084c00000| 99%| O|  |TAMS 0x0000000084b00000| PB 0x0000000084b00000| Untracked 
|  18|0x0000000084c00000, 0x0000000084cffdb8, 0x0000000084d00000| 99%| O|  |TAMS 0x0000000084c00000| PB 0x0000000084c00000| Untracked 
|  19|0x0000000084d00000, 0x0000000084dffff8, 0x0000000084e00000| 99%| O|  |TAMS 0x0000000084d00000| PB 0x0000000084d00000| Untracked 
|  20|0x0000000084e00000, 0x0000000084efffe8, 0x0000000084f00000| 99%| O|  |TAMS 0x0000000084e00000| PB 0x0000000084e00000| Untracked 
|  21|0x0000000084f00000, 0x0000000084ffffa0, 0x0000000085000000| 99%| O|  |TAMS 0x0000000084f00000| PB 0x0000000084f00000| Untracked 
|  22|0x0000000085000000, 0x00000000850ffff8, 0x0000000085100000| 99%| O|  |TAMS 0x0000000085000000| PB 0x0000000085000000| Untracked 
|  23|0x0000000085100000, 0x00000000851fffe8, 0x0000000085200000| 99%| O|  |TAMS 0x0000000085100000| PB 0x0000000085100000| Untracked 
|  24|0x0000000085200000, 0x00000000852ffff8, 0x0000000085300000| 99%| O|  |TAMS 0x0000000085200000| PB 0x0000000085200000| Untracked 
|  25|0x0000000085300000, 0x00000000853ffff8, 0x0000000085400000| 99%| O|  |TAMS 0x0000000085300000| PB 0x0000000085300000| Untracked 
|  26|0x0000000085400000, 0x00000000854ffff0, 0x0000000085500000| 99%| O|  |TAMS 0x0000000085400000| PB 0x0000000085400000| Untracked 
|  27|0x0000000085500000, 0x00000000855fffb8, 0x0000000085600000| 99%| O|  |TAMS 0x0000000085500000| PB 0x0000000085500000| Untracked 
|  28|0x0000000085600000, 0x0000000085700000, 0x0000000085700000|100%| O|  |TAMS 0x0000000085600000| PB 0x0000000085600000| Untracked 
|  29|0x0000000085700000, 0x00000000857ffff8, 0x0000000085800000| 99%| O|  |TAMS 0x0000000085700000| PB 0x0000000085700000| Untracked 
|  30|0x0000000085800000, 0x0000000085900000, 0x0000000085900000|100%| O|  |TAMS 0x0000000085800000| PB 0x0000000085800000| Untracked 
|  31|0x0000000085900000, 0x0000000085a00000, 0x0000000085a00000|100%| O|  |TAMS 0x0000000085900000| PB 0x0000000085900000| Untracked 
|  32|0x0000000085a00000, 0x0000000085b00000, 0x0000000085b00000|100%| O|  |TAMS 0x0000000085a00000| PB 0x0000000085a00000| Untracked 
|  33|0x0000000085b00000, 0x0000000085bf8e58, 0x0000000085c00000| 97%| O|  |TAMS 0x0000000085b00000| PB 0x0000000085b00000| Untracked 
|  34|0x0000000085c00000, 0x0000000085cfffb0, 0x0000000085d00000| 99%| O|  |TAMS 0x0000000085c00000| PB 0x0000000085c00000| Untracked 
|  35|0x0000000085d00000, 0x0000000085e00000, 0x0000000085e00000|100%| O|  |TAMS 0x0000000085d00000| PB 0x0000000085d00000| Untracked 
|  36|0x0000000085e00000, 0x0000000085efffb0, 0x0000000085f00000| 99%| O|  |TAMS 0x0000000085e00000| PB 0x0000000085e00000| Untracked 
|  37|0x0000000085f00000, 0x0000000086000000, 0x0000000086000000|100%| O|  |TAMS 0x0000000085f00000| PB 0x0000000085f00000| Untracked 
|  38|0x0000000086000000, 0x0000000086100000, 0x0000000086100000|100%| O|  |TAMS 0x0000000086000000| PB 0x0000000086000000| Untracked 
|  39|0x0000000086100000, 0x0000000086200000, 0x0000000086200000|100%| O|  |TAMS 0x0000000086100000| PB 0x0000000086100000| Untracked 
|  40|0x0000000086200000, 0x0000000086300000, 0x0000000086300000|100%| O|  |TAMS 0x0000000086200000| PB 0x0000000086200000| Untracked 
|  41|0x0000000086300000, 0x0000000086400000, 0x0000000086400000|100%| O|  |TAMS 0x0000000086300000| PB 0x0000000086300000| Untracked 
|  42|0x0000000086400000, 0x0000000086500000, 0x0000000086500000|100%| O|Cm|TAMS 0x0000000086400000| PB 0x0000000086400000| Complete 
|  43|0x0000000086500000, 0x0000000086600000, 0x0000000086600000|100%| O|  |TAMS 0x0000000086500000| PB 0x0000000086500000| Untracked 
|  44|0x0000000086600000, 0x0000000086700000, 0x0000000086700000|100%| O|  |TAMS 0x0000000086600000| PB 0x0000000086600000| Untracked 
|  45|0x0000000086700000, 0x0000000086700000, 0x0000000086800000|  0%| F|  |TAMS 0x0000000086700000| PB 0x0000000086700000| Untracked 
|  46|0x0000000086800000, 0x0000000086900000, 0x0000000086900000|100%| O|  |TAMS 0x0000000086800000| PB 0x0000000086800000| Untracked 
|  47|0x0000000086900000, 0x0000000086900000, 0x0000000086a00000|  0%| F|  |TAMS 0x0000000086900000| PB 0x0000000086900000| Untracked 
|  48|0x0000000086a00000, 0x0000000086b00000, 0x0000000086b00000|100%| O|  |TAMS 0x0000000086a00000| PB 0x0000000086a00000| Untracked 
|  49|0x0000000086b00000, 0x0000000086c00000, 0x0000000086c00000|100%| O|  |TAMS 0x0000000086b00000| PB 0x0000000086b00000| Untracked 
|  50|0x0000000086c00000, 0x0000000086d00000, 0x0000000086d00000|100%| O|  |TAMS 0x0000000086c00000| PB 0x0000000086c00000| Untracked 
|  51|0x0000000086d00000, 0x0000000086e00000, 0x0000000086e00000|100%| O|  |TAMS 0x0000000086d00000| PB 0x0000000086d00000| Untracked 
|  52|0x0000000086e00000, 0x0000000086f00000, 0x0000000086f00000|100%| O|  |TAMS 0x0000000086e00000| PB 0x0000000086e00000| Untracked 
|  53|0x0000000086f00000, 0x0000000087000000, 0x0000000087000000|100%| O|  |TAMS 0x0000000086f00000| PB 0x0000000086f00000| Untracked 
|  54|0x0000000087000000, 0x0000000087100000, 0x0000000087100000|100%| O|  |TAMS 0x0000000087000000| PB 0x0000000087000000| Untracked 
|  55|0x0000000087100000, 0x0000000087200000, 0x0000000087200000|100%| O|  |TAMS 0x0000000087100000| PB 0x0000000087100000| Untracked 
|  56|0x0000000087200000, 0x0000000087300000, 0x0000000087300000|100%| O|  |TAMS 0x0000000087200000| PB 0x0000000087200000| Untracked 
|  57|0x0000000087300000, 0x0000000087400000, 0x0000000087400000|100%| O|  |TAMS 0x0000000087300000| PB 0x0000000087300000| Untracked 
|  58|0x0000000087400000, 0x0000000087500000, 0x0000000087500000|100%| O|  |TAMS 0x0000000087400000| PB 0x0000000087400000| Untracked 
|  59|0x0000000087500000, 0x0000000087600000, 0x0000000087600000|100%| O|  |TAMS 0x0000000087500000| PB 0x0000000087500000| Untracked 
|  60|0x0000000087600000, 0x0000000087700000, 0x0000000087700000|100%| O|  |TAMS 0x0000000087600000| PB 0x0000000087600000| Untracked 
|  61|0x0000000087700000, 0x0000000087800000, 0x0000000087800000|100%| O|  |TAMS 0x0000000087700000| PB 0x0000000087700000| Untracked 
|  62|0x0000000087800000, 0x0000000087900000, 0x0000000087900000|100%| O|  |TAMS 0x0000000087800000| PB 0x0000000087800000| Untracked 
|  63|0x0000000087900000, 0x0000000087a00000, 0x0000000087a00000|100%| O|  |TAMS 0x0000000087900000| PB 0x0000000087900000| Untracked 
|  64|0x0000000087a00000, 0x0000000087a00000, 0x0000000087b00000|  0%| F|  |TAMS 0x0000000087a00000| PB 0x0000000087a00000| Untracked 
|  65|0x0000000087b00000, 0x0000000087c00000, 0x0000000087c00000|100%| O|  |TAMS 0x0000000087b00000| PB 0x0000000087b00000| Untracked 
|  66|0x0000000087c00000, 0x0000000087d00000, 0x0000000087d00000|100%| O|  |TAMS 0x0000000087c00000| PB 0x0000000087c00000| Untracked 
|  67|0x0000000087d00000, 0x0000000087e00000, 0x0000000087e00000|100%| O|  |TAMS 0x0000000087d00000| PB 0x0000000087d00000| Untracked 
|  68|0x0000000087e00000, 0x0000000087e00000, 0x0000000087f00000|  0%| F|  |TAMS 0x0000000087e00000| PB 0x0000000087e00000| Untracked 
|  69|0x0000000087f00000, 0x0000000088000000, 0x0000000088000000|100%| O|  |TAMS 0x0000000087f00000| PB 0x0000000087f00000| Untracked 
|  70|0x0000000088000000, 0x0000000088100000, 0x0000000088100000|100%| O|  |TAMS 0x0000000088000000| PB 0x0000000088000000| Untracked 
|  71|0x0000000088100000, 0x0000000088100000, 0x0000000088200000|  0%| F|  |TAMS 0x0000000088100000| PB 0x0000000088100000| Untracked 
|  72|0x0000000088200000, 0x0000000088200000, 0x0000000088300000|  0%| F|  |TAMS 0x0000000088200000| PB 0x0000000088200000| Untracked 
|  73|0x0000000088300000, 0x0000000088300000, 0x0000000088400000|  0%| F|  |TAMS 0x0000000088300000| PB 0x0000000088300000| Untracked 
|  74|0x0000000088400000, 0x0000000088500000, 0x0000000088500000|100%| O|  |TAMS 0x0000000088400000| PB 0x0000000088400000| Untracked 
|  75|0x0000000088500000, 0x0000000088600000, 0x0000000088600000|100%| O|  |TAMS 0x0000000088500000| PB 0x0000000088500000| Untracked 
|  76|0x0000000088600000, 0x0000000088600000, 0x0000000088700000|  0%| F|  |TAMS 0x0000000088600000| PB 0x0000000088600000| Untracked 
|  77|0x0000000088700000, 0x0000000088800000, 0x0000000088800000|100%| O|  |TAMS 0x0000000088700000| PB 0x0000000088700000| Untracked 
|  78|0x0000000088800000, 0x0000000088900000, 0x0000000088900000|100%| O|  |TAMS 0x0000000088800000| PB 0x0000000088800000| Untracked 
|  79|0x0000000088900000, 0x0000000088a00000, 0x0000000088a00000|100%| O|  |TAMS 0x0000000088900000| PB 0x0000000088900000| Untracked 
|  80|0x0000000088a00000, 0x0000000088b00000, 0x0000000088b00000|100%| O|  |TAMS 0x0000000088a00000| PB 0x0000000088a00000| Untracked 
|  81|0x0000000088b00000, 0x0000000088c00000, 0x0000000088c00000|100%| O|  |TAMS 0x0000000088b00000| PB 0x0000000088b00000| Untracked 
|  82|0x0000000088c00000, 0x0000000088d00000, 0x0000000088d00000|100%| O|  |TAMS 0x0000000088c00000| PB 0x0000000088c00000| Untracked 
|  83|0x0000000088d00000, 0x0000000088e00000, 0x0000000088e00000|100%| O|  |TAMS 0x0000000088d00000| PB 0x0000000088d00000| Untracked 
|  84|0x0000000088e00000, 0x0000000088e00000, 0x0000000088f00000|  0%| F|  |TAMS 0x0000000088e00000| PB 0x0000000088e00000| Untracked 
|  85|0x0000000088f00000, 0x0000000089000000, 0x0000000089000000|100%| O|  |TAMS 0x0000000088f00000| PB 0x0000000088f00000| Untracked 
|  86|0x0000000089000000, 0x0000000089100000, 0x0000000089100000|100%| O|  |TAMS 0x0000000089000000| PB 0x0000000089000000| Untracked 
|  87|0x0000000089100000, 0x0000000089200000, 0x0000000089200000|100%| O|  |TAMS 0x0000000089100000| PB 0x0000000089100000| Untracked 
|  88|0x0000000089200000, 0x0000000089300000, 0x0000000089300000|100%| O|  |TAMS 0x0000000089200000| PB 0x0000000089200000| Untracked 
|  89|0x0000000089300000, 0x0000000089400000, 0x0000000089400000|100%| O|  |TAMS 0x0000000089300000| PB 0x0000000089300000| Untracked 
|  90|0x0000000089400000, 0x0000000089500000, 0x0000000089500000|100%| O|Cm|TAMS 0x0000000089400000| PB 0x0000000089400000| Complete 
|  91|0x0000000089500000, 0x0000000089600000, 0x0000000089600000|100%| O|  |TAMS 0x0000000089500000| PB 0x0000000089500000| Untracked 
|  92|0x0000000089600000, 0x0000000089700000, 0x0000000089700000|100%| O|  |TAMS 0x0000000089600000| PB 0x0000000089600000| Untracked 
|  93|0x0000000089700000, 0x0000000089800000, 0x0000000089800000|100%| O|  |TAMS 0x0000000089700000| PB 0x0000000089700000| Untracked 
|  94|0x0000000089800000, 0x0000000089800000, 0x0000000089900000|  0%| F|  |TAMS 0x0000000089800000| PB 0x0000000089800000| Untracked 
|  95|0x0000000089900000, 0x0000000089a00000, 0x0000000089a00000|100%| O|  |TAMS 0x0000000089900000| PB 0x0000000089900000| Untracked 
|  96|0x0000000089a00000, 0x0000000089b00000, 0x0000000089b00000|100%| O|  |TAMS 0x0000000089a00000| PB 0x0000000089a00000| Untracked 
|  97|0x0000000089b00000, 0x0000000089c00000, 0x0000000089c00000|100%| O|  |TAMS 0x0000000089b00000| PB 0x0000000089b00000| Untracked 
|  98|0x0000000089c00000, 0x0000000089d00000, 0x0000000089d00000|100%| O|  |TAMS 0x0000000089c00000| PB 0x0000000089c00000| Untracked 
|  99|0x0000000089d00000, 0x0000000089e00000, 0x0000000089e00000|100%| O|  |TAMS 0x0000000089d00000| PB 0x0000000089d00000| Untracked 
| 100|0x0000000089e00000, 0x0000000089f00000, 0x0000000089f00000|100%| O|  |TAMS 0x0000000089e00000| PB 0x0000000089e00000| Untracked 
| 101|0x0000000089f00000, 0x000000008a000000, 0x000000008a000000|100%| O|Cm|TAMS 0x0000000089f00000| PB 0x0000000089f00000| Complete 
| 102|0x000000008a000000, 0x000000008a0c1ae0, 0x000000008a100000| 75%| O|  |TAMS 0x000000008a000000| PB 0x000000008a000000| Untracked 
| 103|0x000000008a100000, 0x000000008a100000, 0x000000008a200000|  0%| F|  |TAMS 0x000000008a100000| PB 0x000000008a100000| Untracked 
| 104|0x000000008a200000, 0x000000008a200000, 0x000000008a300000|  0%| F|  |TAMS 0x000000008a200000| PB 0x000000008a200000| Untracked 
| 105|0x000000008a300000, 0x000000008a300000, 0x000000008a400000|  0%| F|  |TAMS 0x000000008a300000| PB 0x000000008a300000| Untracked 
| 106|0x000000008a400000, 0x000000008a400000, 0x000000008a500000|  0%| F|  |TAMS 0x000000008a400000| PB 0x000000008a400000| Untracked 
| 107|0x000000008a500000, 0x000000008a500000, 0x000000008a600000|  0%| F|  |TAMS 0x000000008a500000| PB 0x000000008a500000| Untracked 
| 108|0x000000008a600000, 0x000000008a600000, 0x000000008a700000|  0%| F|  |TAMS 0x000000008a600000| PB 0x000000008a600000| Untracked 
| 109|0x000000008a700000, 0x000000008a700000, 0x000000008a800000|  0%| F|  |TAMS 0x000000008a700000| PB 0x000000008a700000| Untracked 
| 110|0x000000008a800000, 0x000000008a800000, 0x000000008a900000|  0%| F|  |TAMS 0x000000008a800000| PB 0x000000008a800000| Untracked 
| 111|0x000000008a900000, 0x000000008a900000, 0x000000008aa00000|  0%| F|  |TAMS 0x000000008a900000| PB 0x000000008a900000| Untracked 
| 112|0x000000008aa00000, 0x000000008aa00000, 0x000000008ab00000|  0%| F|  |TAMS 0x000000008aa00000| PB 0x000000008aa00000| Untracked 
| 113|0x000000008ab00000, 0x000000008ab00000, 0x000000008ac00000|  0%| F|  |TAMS 0x000000008ab00000| PB 0x000000008ab00000| Untracked 
| 114|0x000000008ac00000, 0x000000008ac00000, 0x000000008ad00000|  0%| F|  |TAMS 0x000000008ac00000| PB 0x000000008ac00000| Untracked 
| 115|0x000000008ad00000, 0x000000008ad00000, 0x000000008ae00000|  0%| F|  |TAMS 0x000000008ad00000| PB 0x000000008ad00000| Untracked 
| 116|0x000000008ae00000, 0x000000008ae00000, 0x000000008af00000|  0%| F|  |TAMS 0x000000008ae00000| PB 0x000000008ae00000| Untracked 
| 117|0x000000008af00000, 0x000000008af00000, 0x000000008b000000|  0%| F|  |TAMS 0x000000008af00000| PB 0x000000008af00000| Untracked 
| 118|0x000000008b000000, 0x000000008b000000, 0x000000008b100000|  0%| F|  |TAMS 0x000000008b000000| PB 0x000000008b000000| Untracked 
| 119|0x000000008b100000, 0x000000008b100000, 0x000000008b200000|  0%| F|  |TAMS 0x000000008b100000| PB 0x000000008b100000| Untracked 
| 120|0x000000008b200000, 0x000000008b200000, 0x000000008b300000|  0%| F|  |TAMS 0x000000008b200000| PB 0x000000008b200000| Untracked 
| 121|0x000000008b300000, 0x000000008b300000, 0x000000008b400000|  0%| F|  |TAMS 0x000000008b300000| PB 0x000000008b300000| Untracked 
| 122|0x000000008b400000, 0x000000008b400000, 0x000000008b500000|  0%| F|  |TAMS 0x000000008b400000| PB 0x000000008b400000| Untracked 
| 123|0x000000008b500000, 0x000000008b500000, 0x000000008b600000|  0%| F|  |TAMS 0x000000008b500000| PB 0x000000008b500000| Untracked 
| 124|0x000000008b600000, 0x000000008b600000, 0x000000008b700000|  0%| F|  |TAMS 0x000000008b600000| PB 0x000000008b600000| Untracked 
| 125|0x000000008b700000, 0x000000008b700000, 0x000000008b800000|  0%| F|  |TAMS 0x000000008b700000| PB 0x000000008b700000| Untracked 
| 126|0x000000008b800000, 0x000000008b800000, 0x000000008b900000|  0%| F|  |TAMS 0x000000008b800000| PB 0x000000008b800000| Untracked 
| 127|0x000000008b900000, 0x000000008b900000, 0x000000008ba00000|  0%| F|  |TAMS 0x000000008b900000| PB 0x000000008b900000| Untracked 
| 128|0x000000008ba00000, 0x000000008ba00000, 0x000000008bb00000|  0%| F|  |TAMS 0x000000008ba00000| PB 0x000000008ba00000| Untracked 
| 129|0x000000008bb00000, 0x000000008bb00000, 0x000000008bc00000|  0%| F|  |TAMS 0x000000008bb00000| PB 0x000000008bb00000| Untracked 
| 130|0x000000008bc00000, 0x000000008bc00000, 0x000000008bd00000|  0%| F|  |TAMS 0x000000008bc00000| PB 0x000000008bc00000| Untracked 
| 131|0x000000008bd00000, 0x000000008bd00000, 0x000000008be00000|  0%| F|  |TAMS 0x000000008bd00000| PB 0x000000008bd00000| Untracked 
| 132|0x000000008be00000, 0x000000008be00000, 0x000000008bf00000|  0%| F|  |TAMS 0x000000008be00000| PB 0x000000008be00000| Untracked 
| 133|0x000000008bf00000, 0x000000008bf8d308, 0x000000008c000000| 55%| E|  |TAMS 0x000000008bf00000| PB 0x000000008bf00000| Complete 
| 134|0x000000008c000000, 0x000000008c100000, 0x000000008c100000|100%| E|CS|TAMS 0x000000008c000000| PB 0x000000008c000000| Complete 
| 135|0x000000008c100000, 0x000000008c200000, 0x000000008c200000|100%| E|CS|TAMS 0x000000008c100000| PB 0x000000008c100000| Complete 
| 136|0x000000008c200000, 0x000000008c300000, 0x000000008c300000|100%| E|CS|TAMS 0x000000008c200000| PB 0x000000008c200000| Complete 
| 137|0x000000008c300000, 0x000000008c400000, 0x000000008c400000|100%| E|CS|TAMS 0x000000008c300000| PB 0x000000008c300000| Complete 
| 138|0x000000008c400000, 0x000000008c500000, 0x000000008c500000|100%| E|CS|TAMS 0x000000008c400000| PB 0x000000008c400000| Complete 
| 139|0x000000008c500000, 0x000000008c600000, 0x000000008c600000|100%| E|CS|TAMS 0x000000008c500000| PB 0x000000008c500000| Complete 
| 140|0x000000008c600000, 0x000000008c700000, 0x000000008c700000|100%| E|CS|TAMS 0x000000008c600000| PB 0x000000008c600000| Complete 
| 141|0x000000008c700000, 0x000000008c800000, 0x000000008c800000|100%| E|CS|TAMS 0x000000008c700000| PB 0x000000008c700000| Complete 
| 142|0x000000008c800000, 0x000000008c900000, 0x000000008c900000|100%| E|CS|TAMS 0x000000008c800000| PB 0x000000008c800000| Complete 
| 143|0x000000008c900000, 0x000000008ca00000, 0x000000008ca00000|100%| E|CS|TAMS 0x000000008c900000| PB 0x000000008c900000| Complete 
| 144|0x000000008ca00000, 0x000000008cb00000, 0x000000008cb00000|100%| E|CS|TAMS 0x000000008ca00000| PB 0x000000008ca00000| Complete 
| 145|0x000000008cb00000, 0x000000008cc00000, 0x000000008cc00000|100%| E|CS|TAMS 0x000000008cb00000| PB 0x000000008cb00000| Complete 
| 146|0x000000008cc00000, 0x000000008cd00000, 0x000000008cd00000|100%| E|CS|TAMS 0x000000008cc00000| PB 0x000000008cc00000| Complete 
| 147|0x000000008cd00000, 0x000000008ce00000, 0x000000008ce00000|100%| E|CS|TAMS 0x000000008cd00000| PB 0x000000008cd00000| Complete 
| 148|0x000000008ce00000, 0x000000008cf00000, 0x000000008cf00000|100%| E|CS|TAMS 0x000000008ce00000| PB 0x000000008ce00000| Complete 
| 149|0x000000008cf00000, 0x000000008d000000, 0x000000008d000000|100%| E|CS|TAMS 0x000000008cf00000| PB 0x000000008cf00000| Complete 
| 150|0x000000008d000000, 0x000000008d100000, 0x000000008d100000|100%| E|CS|TAMS 0x000000008d000000| PB 0x000000008d000000| Complete 
| 151|0x000000008d100000, 0x000000008d200000, 0x000000008d200000|100%| E|CS|TAMS 0x000000008d100000| PB 0x000000008d100000| Complete 
| 152|0x000000008d200000, 0x000000008d300000, 0x000000008d300000|100%| E|CS|TAMS 0x000000008d200000| PB 0x000000008d200000| Complete 
| 153|0x000000008d300000, 0x000000008d400000, 0x000000008d400000|100%| E|CS|TAMS 0x000000008d300000| PB 0x000000008d300000| Complete 
| 154|0x000000008d400000, 0x000000008d500000, 0x000000008d500000|100%| E|CS|TAMS 0x000000008d400000| PB 0x000000008d400000| Complete 
| 155|0x000000008d500000, 0x000000008d600000, 0x000000008d600000|100%| E|CS|TAMS 0x000000008d500000| PB 0x000000008d500000| Complete 
| 156|0x000000008d600000, 0x000000008d700000, 0x000000008d700000|100%| E|CS|TAMS 0x000000008d600000| PB 0x000000008d600000| Complete 
| 157|0x000000008d700000, 0x000000008d800000, 0x000000008d800000|100%| E|CS|TAMS 0x000000008d700000| PB 0x000000008d700000| Complete 
| 158|0x000000008d800000, 0x000000008d900000, 0x000000008d900000|100%| E|CS|TAMS 0x000000008d800000| PB 0x000000008d800000| Complete 
| 159|0x000000008d900000, 0x000000008da00000, 0x000000008da00000|100%| E|CS|TAMS 0x000000008d900000| PB 0x000000008d900000| Complete 
| 160|0x000000008da00000, 0x000000008db00000, 0x000000008db00000|100%| E|CS|TAMS 0x000000008da00000| PB 0x000000008da00000| Complete 
| 161|0x000000008db00000, 0x000000008dc00000, 0x000000008dc00000|100%| E|CS|TAMS 0x000000008db00000| PB 0x000000008db00000| Complete 
| 162|0x000000008dc00000, 0x000000008dd00000, 0x000000008dd00000|100%| E|CS|TAMS 0x000000008dc00000| PB 0x000000008dc00000| Complete 
| 163|0x000000008dd00000, 0x000000008de00000, 0x000000008de00000|100%| E|CS|TAMS 0x000000008dd00000| PB 0x000000008dd00000| Complete 
| 164|0x000000008de00000, 0x000000008df00000, 0x000000008df00000|100%| E|CS|TAMS 0x000000008de00000| PB 0x000000008de00000| Complete 
| 165|0x000000008df00000, 0x000000008e000000, 0x000000008e000000|100%| E|CS|TAMS 0x000000008df00000| PB 0x000000008df00000| Complete 
| 166|0x000000008e000000, 0x000000008e100000, 0x000000008e100000|100%| E|CS|TAMS 0x000000008e000000| PB 0x000000008e000000| Complete 
| 167|0x000000008e100000, 0x000000008e200000, 0x000000008e200000|100%| E|CS|TAMS 0x000000008e100000| PB 0x000000008e100000| Complete 
| 168|0x000000008e200000, 0x000000008e300000, 0x000000008e300000|100%| E|CS|TAMS 0x000000008e200000| PB 0x000000008e200000| Complete 
| 169|0x000000008e300000, 0x000000008e400000, 0x000000008e400000|100%| E|CS|TAMS 0x000000008e300000| PB 0x000000008e300000| Complete 
| 170|0x000000008e400000, 0x000000008e500000, 0x000000008e500000|100%| E|CS|TAMS 0x000000008e400000| PB 0x000000008e400000| Complete 
| 171|0x000000008e500000, 0x000000008e600000, 0x000000008e600000|100%| E|CS|TAMS 0x000000008e500000| PB 0x000000008e500000| Complete 
| 172|0x000000008e600000, 0x000000008e700000, 0x000000008e700000|100%| E|CS|TAMS 0x000000008e600000| PB 0x000000008e600000| Complete 
| 173|0x000000008e700000, 0x000000008e800000, 0x000000008e800000|100%| E|CS|TAMS 0x000000008e700000| PB 0x000000008e700000| Complete 
| 174|0x000000008e800000, 0x000000008e900000, 0x000000008e900000|100%| E|CS|TAMS 0x000000008e800000| PB 0x000000008e800000| Complete 
| 175|0x000000008e900000, 0x000000008ea00000, 0x000000008ea00000|100%| E|CS|TAMS 0x000000008e900000| PB 0x000000008e900000| Complete 
| 176|0x000000008ea00000, 0x000000008eb00000, 0x000000008eb00000|100%| E|CS|TAMS 0x000000008ea00000| PB 0x000000008ea00000| Complete 
| 177|0x000000008eb00000, 0x000000008ec00000, 0x000000008ec00000|100%| E|CS|TAMS 0x000000008eb00000| PB 0x000000008eb00000| Complete 
| 178|0x000000008ec00000, 0x000000008ed00000, 0x000000008ed00000|100%| E|CS|TAMS 0x000000008ec00000| PB 0x000000008ec00000| Complete 
| 179|0x000000008ed00000, 0x000000008ee00000, 0x000000008ee00000|100%| E|CS|TAMS 0x000000008ed00000| PB 0x000000008ed00000| Complete 
| 180|0x000000008ee00000, 0x000000008ef00000, 0x000000008ef00000|100%| E|CS|TAMS 0x000000008ee00000| PB 0x000000008ee00000| Complete 
| 181|0x000000008ef00000, 0x000000008f000000, 0x000000008f000000|100%| E|CS|TAMS 0x000000008ef00000| PB 0x000000008ef00000| Complete 
| 182|0x000000008f000000, 0x000000008f100000, 0x000000008f100000|100%| E|CS|TAMS 0x000000008f000000| PB 0x000000008f000000| Complete 
| 183|0x000000008f100000, 0x000000008f200000, 0x000000008f200000|100%| E|CS|TAMS 0x000000008f100000| PB 0x000000008f100000| Complete 
| 184|0x000000008f200000, 0x000000008f300000, 0x000000008f300000|100%| E|CS|TAMS 0x000000008f200000| PB 0x000000008f200000| Complete 
| 185|0x000000008f300000, 0x000000008f400000, 0x000000008f400000|100%| E|CS|TAMS 0x000000008f300000| PB 0x000000008f300000| Complete 
| 186|0x000000008f400000, 0x000000008f500000, 0x000000008f500000|100%| E|CS|TAMS 0x000000008f400000| PB 0x000000008f400000| Complete 
| 187|0x000000008f500000, 0x000000008f600000, 0x000000008f600000|100%| E|CS|TAMS 0x000000008f500000| PB 0x000000008f500000| Complete 
| 188|0x000000008f600000, 0x000000008f700000, 0x000000008f700000|100%| E|CS|TAMS 0x000000008f600000| PB 0x000000008f600000| Complete 
| 189|0x000000008f700000, 0x000000008f800000, 0x000000008f800000|100%| E|CS|TAMS 0x000000008f700000| PB 0x000000008f700000| Complete 
| 190|0x000000008f800000, 0x000000008f900000, 0x000000008f900000|100%| E|CS|TAMS 0x000000008f800000| PB 0x000000008f800000| Complete 
| 191|0x000000008f900000, 0x000000008fa00000, 0x000000008fa00000|100%| E|CS|TAMS 0x000000008f900000| PB 0x000000008f900000| Complete 
| 192|0x000000008fa00000, 0x000000008fb00000, 0x000000008fb00000|100%| E|CS|TAMS 0x000000008fa00000| PB 0x000000008fa00000| Complete 
| 193|0x000000008fb00000, 0x000000008fc00000, 0x000000008fc00000|100%| E|CS|TAMS 0x000000008fb00000| PB 0x000000008fb00000| Complete 
| 194|0x000000008fc00000, 0x000000008fd00000, 0x000000008fd00000|100%| E|CS|TAMS 0x000000008fc00000| PB 0x000000008fc00000| Complete 
| 195|0x000000008fd00000, 0x000000008fe00000, 0x000000008fe00000|100%| E|CS|TAMS 0x000000008fd00000| PB 0x000000008fd00000| Complete 
| 196|0x000000008fe00000, 0x000000008ff00000, 0x000000008ff00000|100%| E|CS|TAMS 0x000000008fe00000| PB 0x000000008fe00000| Complete 
| 197|0x000000008ff00000, 0x000000008ff59ea0, 0x0000000090000000| 35%| S|CS|TAMS 0x000000008ff00000| PB 0x000000008ff00000| Complete 
| 198|0x0000000090000000, 0x0000000090100000, 0x0000000090100000|100%| S|CS|TAMS 0x0000000090000000| PB 0x0000000090000000| Complete 
| 199|0x0000000090100000, 0x0000000090200000, 0x0000000090200000|100%| S|CS|TAMS 0x0000000090100000| PB 0x0000000090100000| Complete 
| 200|0x0000000090200000, 0x0000000090300000, 0x0000000090300000|100%| E|CS|TAMS 0x0000000090200000| PB 0x0000000090200000| Complete 
| 201|0x0000000090300000, 0x0000000090400000, 0x0000000090400000|100%| E|CS|TAMS 0x0000000090300000| PB 0x0000000090300000| Complete 
| 202|0x0000000090400000, 0x0000000090500000, 0x0000000090500000|100%| E|CS|TAMS 0x0000000090400000| PB 0x0000000090400000| Complete 
| 203|0x0000000090500000, 0x0000000090600000, 0x0000000090600000|100%| E|CS|TAMS 0x0000000090500000| PB 0x0000000090500000| Complete 
| 204|0x0000000090600000, 0x0000000090700000, 0x0000000090700000|100%| E|CS|TAMS 0x0000000090600000| PB 0x0000000090600000| Complete 
| 205|0x0000000090700000, 0x0000000090800000, 0x0000000090800000|100%| E|CS|TAMS 0x0000000090700000| PB 0x0000000090700000| Complete 
| 206|0x0000000090800000, 0x0000000090900000, 0x0000000090900000|100%| E|CS|TAMS 0x0000000090800000| PB 0x0000000090800000| Complete 
| 207|0x0000000090900000, 0x0000000090a00000, 0x0000000090a00000|100%| E|CS|TAMS 0x0000000090900000| PB 0x0000000090900000| Complete 
| 208|0x0000000090a00000, 0x0000000090b00000, 0x0000000090b00000|100%| E|CS|TAMS 0x0000000090a00000| PB 0x0000000090a00000| Complete 
| 209|0x0000000090b00000, 0x0000000090c00000, 0x0000000090c00000|100%| E|CS|TAMS 0x0000000090b00000| PB 0x0000000090b00000| Complete 
| 210|0x0000000090c00000, 0x0000000090d00000, 0x0000000090d00000|100%| E|CS|TAMS 0x0000000090c00000| PB 0x0000000090c00000| Complete 
| 211|0x0000000090d00000, 0x0000000090e00000, 0x0000000090e00000|100%| E|CS|TAMS 0x0000000090d00000| PB 0x0000000090d00000| Complete 
| 212|0x0000000090e00000, 0x0000000090f00000, 0x0000000090f00000|100%| E|CS|TAMS 0x0000000090e00000| PB 0x0000000090e00000| Complete 
| 213|0x0000000090f00000, 0x0000000091000000, 0x0000000091000000|100%| E|CS|TAMS 0x0000000090f00000| PB 0x0000000090f00000| Complete 
| 214|0x0000000091000000, 0x0000000091100000, 0x0000000091100000|100%| E|CS|TAMS 0x0000000091000000| PB 0x0000000091000000| Complete 
|1987|0x00000000ffd00000, 0x00000000ffe00000, 0x00000000ffe00000|100%| E|CS|TAMS 0x00000000ffd00000| PB 0x00000000ffd00000| Complete 
|1988|0x00000000ffe00000, 0x00000000fff00000, 0x00000000fff00000|100%| O|  |TAMS 0x00000000ffe00000| PB 0x00000000ffe00000| Untracked 
|1989|0x00000000fff00000, 0x0000000100000000, 0x0000000100000000|100%| O|  |TAMS 0x00000000fff00000| PB 0x00000000fff00000| Untracked 

Card table byte_map: [0x000002e52aa20000,0x000002e52ae10000] _byte_map_base: 0x000002e52a603000

Marking Bits: (CMBitMap*) 0x000002e51ef78340
 Bits: [0x000002e52ae10000, 0x000002e52cd28000)

Polling page: 0x000002e51cd80000

Metaspace:

Usage:
  Non-class:    108.52 MB used.
      Class:     16.31 MB used.
       Both:    124.84 MB used.

Virtual space:
  Non-class space:      128.00 MB reserved,     109.12 MB ( 85%) committed,  2 nodes.
      Class space:        1.00 GB reserved,      17.31 MB (  2%) committed,  1 nodes.
             Both:        1.12 GB reserved,     126.44 MB ( 11%) committed. 

Chunk freelists:
   Non-Class:  18.72 MB
       Class:  15.25 MB
        Both:  33.97 MB

MaxMetaspaceSize: unlimited
CompressedClassSpaceSize: 1.00 GB
Initial GC threshold: 21.00 MB
Current GC threshold: 221.56 MB
CDS: on
 - commit_granule_bytes: 65536.
 - commit_granule_words: 8192.
 - virtual_space_node_default_size: 8388608.
 - enlarge_chunks_in_place: 1.
 - use_allocation_guard: 0.


Internal statistics:

num_allocs_failed_limit: 9.
num_arena_births: 9100.
num_arena_deaths: 7520.
num_vsnodes_births: 3.
num_vsnodes_deaths: 0.
num_space_committed: 2326.
num_space_uncommitted: 166.
num_chunks_returned_to_freelist: 14055.
num_chunks_taken_from_freelist: 22172.
num_chunk_merges: 3119.
num_chunk_splits: 9234.
num_chunks_enlarged: 5398.
num_inconsistent_stats: 0.

CodeCache: size=49152Kb used=23388Kb max_used=29269Kb free=25763Kb
 bounds [0x000002e527630000, 0x000002e5292d0000, 0x000002e52a630000]
 total_blobs=12431, nmethods=11619, adapters=733, full_count=0
Compilation: enabled, stopped_count=0, restarted_count=0

Compilation events (20 events):
Event: 6638.661 Thread 0x000002e57db92a70 nmethod 85777 0x000002e5283eb490 code [0x000002e5283eb620, 0x000002e5283eb6e8]
Event: 6640.444 Thread 0x000002e57db92a70 85778   !   1       org.hibernate.resource.transaction.backend.jdbc.internal.DdlTransactionIsolatorNonJtaImpl::getIsolatedConnection (148 bytes)
Event: 6640.445 Thread 0x000002e57db92a70 nmethod 85778 0x000002e5283ea590 code [0x000002e5283ea7e0, 0x000002e5283eadb0]
Event: 6640.684 Thread 0x000002e52f141e40 85780       1       org.hibernate.resource.transaction.backend.jdbc.internal.DdlTransactionIsolatorNonJtaImpl::getIsolatedConnection (6 bytes)
Event: 6640.684 Thread 0x000002e57db92a70 85779       1       org.hibernate.tool.schema.internal.exec.ImprovedExtractionContextImpl::getJdbcConnection (10 bytes)
Event: 6640.685 Thread 0x000002e57db92a70 nmethod 85779 0x000002e5283ea090 code [0x000002e5283ea240, 0x000002e5283ea370]
Event: 6640.685 Thread 0x000002e52f141e40 nmethod 85780 0x000002e528dd8c90 code [0x000002e528dd8e40, 0x000002e528dd8f30]
Event: 6640.796 Thread 0x000002e52f141e40 85781   !   1       org.hibernate.tool.schema.extract.internal.InformationExtractorJdbcDatabaseMetaDataImpl::processTableResultSet (76 bytes)
Event: 6640.796 Thread 0x000002e52f141e40 nmethod 85781 0x000002e528dd8590 code [0x000002e528dd8780, 0x000002e528dd8a58]
Event: 6640.848 Thread 0x000002e52f141e40 85782       1       org.hibernate.boot.model.relational.internal.SqlStringGenerationContextImpl::catalogWithDefault (13 bytes)
Event: 6640.848 Thread 0x000002e57db92a70 85783       1       org.hibernate.boot.model.relational.internal.SqlStringGenerationContextImpl::schemaWithDefault (13 bytes)
Event: 6640.848 Thread 0x000002e57db92a70 nmethod 85783 0x000002e528dd8290 code [0x000002e528dd8420, 0x000002e528dd84f8]
Event: 6640.848 Thread 0x000002e52f141e40 nmethod 85782 0x000002e528dd7f90 code [0x000002e528dd8120, 0x000002e528dd81f8]
Event: 6640.848 Thread 0x000002e57db92a70 85786       1       org.postgresql.jdbc.PgDatabaseMetaData::getTables (378 bytes)
Event: 6640.848 Thread 0x000002e52f141e40 85784   !   1       com.zaxxer.hikari.pool.HikariProxyDatabaseMetaData::getTables (19 bytes)
Event: 6640.848 Thread 0x000002e52f141e40 nmethod 85784 0x000002e528dd7b90 code [0x000002e528dd7d40, 0x000002e528dd7e90]
Event: 6640.848 Thread 0x000002e52f141e40 85785       1       com.zaxxer.hikari.pool.ProxyDatabaseMetaData::getTables (56 bytes)
Event: 6640.849 Thread 0x000002e52f141e40 nmethod 85785 0x000002e528dd7410 code [0x000002e528dd75e0, 0x000002e528dd7a18]
Event: 6640.849 Thread 0x000002e52f141e40 85787       1       org.postgresql.core.ServerVersion::getMajorVersionNumber (9 bytes)
Event: 6640.849 Thread 0x000002e52f141e40 nmethod 85787 0x000002e528dd7110 code [0x000002e528dd72a0, 0x000002e528dd7390]

GC Heap History (20 events):
Event: 6577.165 GC heap before
{Heap before GC invocations=336 (full 10):
 garbage-first heap   total 178176K, used 165330K [0x0000000083a00000, 0x0000000100000000)
  region size 1024K, 90 young (92160K), 2 survivors (2048K)
 Metaspace       used 123132K, committed 128256K, reserved 1179648K
  class space    used 16238K, committed 17728K, reserved 1048576K
}
Event: 6577.224 GC heap after
{Heap after GC invocations=337 (full 10):
 garbage-first heap   total 178176K, used 77357K [0x0000000083a00000, 0x0000000100000000)
  region size 1024K, 3 young (3072K), 3 survivors (3072K)
 Metaspace       used 123132K, committed 128256K, reserved 1179648K
  class space    used 16238K, committed 17728K, reserved 1048576K
}
Event: 6590.547 GC heap before
{Heap before GC invocations=338 (full 10):
 garbage-first heap   total 178176K, used 166445K [0x0000000083a00000, 0x0000000100000000)
  region size 1024K, 90 young (92160K), 3 survivors (3072K)
 Metaspace       used 123132K, committed 128256K, reserved 1179648K
  class space    used 16238K, committed 17728K, reserved 1048576K
}
Event: 6590.558 GC heap after
{Heap after GC invocations=339 (full 10):
 garbage-first heap   total 178176K, used 75874K [0x0000000083a00000, 0x0000000100000000)
  region size 1024K, 1 young (1024K), 1 survivors (1024K)
 Metaspace       used 123132K, committed 128256K, reserved 1179648K
  class space    used 16238K, committed 17728K, reserved 1048576K
}
Event: 6603.442 GC heap before
{Heap before GC invocations=339 (full 10):
 garbage-first heap   total 178176K, used 167010K [0x0000000083a00000, 0x0000000100000000)
  region size 1024K, 90 young (92160K), 1 survivors (1024K)
 Metaspace       used 123132K, committed 128256K, reserved 1179648K
  class space    used 16238K, committed 17728K, reserved 1048576K
}
Event: 6603.474 GC heap after
{Heap after GC invocations=340 (full 10):
 garbage-first heap   total 214016K, used 75784K [0x0000000083a00000, 0x0000000100000000)
  region size 1024K, 3 young (3072K), 3 survivors (3072K)
 Metaspace       used 123132K, committed 128256K, reserved 1179648K
  class space    used 16238K, committed 17728K, reserved 1048576K
}
Event: 6619.576 GC heap before
{Heap before GC invocations=340 (full 10):
 garbage-first heap   total 214016K, used 200712K [0x0000000083a00000, 0x0000000100000000)
  region size 1024K, 125 young (128000K), 3 survivors (3072K)
 Metaspace       used 123159K, committed 128256K, reserved 1179648K
  class space    used 16245K, committed 17728K, reserved 1048576K
}
Event: 6619.602 GC heap after
{Heap after GC invocations=341 (full 10):
 garbage-first heap   total 214016K, used 77362K [0x0000000083a00000, 0x0000000100000000)
  region size 1024K, 4 young (4096K), 4 survivors (4096K)
 Metaspace       used 123159K, committed 128256K, reserved 1179648K
  class space    used 16245K, committed 17728K, reserved 1048576K
}
Event: 6625.982 GC heap before
{Heap before GC invocations=342 (full 10):
 garbage-first heap   total 214016K, used 200242K [0x0000000083a00000, 0x0000000100000000)
  region size 1024K, 125 young (128000K), 4 survivors (4096K)
 Metaspace       used 125447K, committed 128256K, reserved 1179648K
  class space    used 16413K, committed 17728K, reserved 1048576K
}
Event: 6626.008 GC heap after
{Heap after GC invocations=343 (full 10):
 garbage-first heap   total 214016K, used 85121K [0x0000000083a00000, 0x0000000100000000)
  region size 1024K, 11 young (11264K), 11 survivors (11264K)
 Metaspace       used 125447K, committed 128256K, reserved 1179648K
  class space    used 16413K, committed 17728K, reserved 1048576K
}
Event: 6629.353 GC heap before
{Heap before GC invocations=343 (full 10):
 garbage-first heap   total 214016K, used 199809K [0x0000000083a00000, 0x0000000100000000)
  region size 1024K, 123 young (125952K), 11 survivors (11264K)
 Metaspace       used 126325K, committed 128320K, reserved 1179648K
  class space    used 16509K, committed 17728K, reserved 1048576K
}
Event: 6629.374 GC heap after
{Heap after GC invocations=344 (full 10):
 garbage-first heap   total 219136K, used 89948K [0x0000000083a00000, 0x0000000100000000)
  region size 1024K, 7 young (7168K), 7 survivors (7168K)
 Metaspace       used 126325K, committed 128320K, reserved 1179648K
  class space    used 16509K, committed 17728K, reserved 1048576K
}
Event: 6630.438 GC heap before
{Heap before GC invocations=344 (full 10):
 garbage-first heap   total 219136K, used 115548K [0x0000000083a00000, 0x0000000100000000)
  region size 1024K, 33 young (33792K), 7 survivors (7168K)
 Metaspace       used 126451K, committed 128320K, reserved 1179648K
  class space    used 16523K, committed 17728K, reserved 1048576K
}
Event: 6630.446 GC heap after
{Heap after GC invocations=345 (full 10):
 garbage-first heap   total 219136K, used 91456K [0x0000000083a00000, 0x0000000100000000)
  region size 1024K, 9 young (9216K), 9 survivors (9216K)
 Metaspace       used 126451K, committed 128320K, reserved 1179648K
  class space    used 16523K, committed 17728K, reserved 1048576K
}
Event: 6632.639 GC heap before
{Heap before GC invocations=346 (full 10):
 garbage-first heap   total 219136K, used 203072K [0x0000000083a00000, 0x0000000100000000)
  region size 1024K, 119 young (121856K), 9 survivors (9216K)
 Metaspace       used 126905K, committed 128640K, reserved 1179648K
  class space    used 16596K, committed 17728K, reserved 1048576K
}
Event: 6632.658 GC heap after
{Heap after GC invocations=347 (full 10):
 garbage-first heap   total 223232K, used 100451K [0x0000000083a00000, 0x0000000100000000)
  region size 1024K, 11 young (11264K), 11 survivors (11264K)
 Metaspace       used 126905K, committed 128640K, reserved 1179648K
  class space    used 16596K, committed 17728K, reserved 1048576K
}
Event: 6633.415 GC heap before
{Heap before GC invocations=347 (full 10):
 garbage-first heap   total 223232K, used 204899K [0x0000000083a00000, 0x0000000100000000)
  region size 1024K, 113 young (115712K), 11 survivors (11264K)
 Metaspace       used 127705K, committed 129344K, reserved 1179648K
  class space    used 16689K, committed 17728K, reserved 1048576K
}
Event: 6633.427 GC heap after
{Heap after GC invocations=348 (full 10):
 garbage-first heap   total 223232K, used 99506K [0x0000000083a00000, 0x0000000100000000)
  region size 1024K, 3 young (3072K), 3 survivors (3072K)
 Metaspace       used 127705K, committed 129344K, reserved 1179648K
  class space    used 16689K, committed 17728K, reserved 1048576K
}
Event: 6633.560 GC heap before
{Heap before GC invocations=348 (full 10):
 garbage-first heap   total 223232K, used 114866K [0x0000000083a00000, 0x0000000100000000)
  region size 1024K, 19 young (19456K), 3 survivors (3072K)
 Metaspace       used 127828K, committed 129472K, reserved 1179648K
  class space    used 16705K, committed 17728K, reserved 1048576K
}
Event: 6633.564 GC heap after
{Heap after GC invocations=349 (full 10):
 garbage-first heap   total 223232K, used 99402K [0x0000000083a00000, 0x0000000100000000)
  region size 1024K, 3 young (3072K), 3 survivors (3072K)
 Metaspace       used 127828K, committed 129472K, reserved 1179648K
  class space    used 16705K, committed 17728K, reserved 1048576K
}

Dll operation events (20 events):
Event: 0.013 Attempting to load shared library C:\Program Files\Microsoft\jdk-21.0.12.101-hotspot\bin\java.dll
Event: 0.014 Loaded shared library C:\Program Files\Microsoft\jdk-21.0.12.101-hotspot\bin\java.dll
Event: 0.189 Attempting to load shared library C:\Program Files\Microsoft\jdk-21.0.12.101-hotspot\bin\net.dll
Event: 0.192 Loaded shared library C:\Program Files\Microsoft\jdk-21.0.12.101-hotspot\bin\net.dll
Event: 0.194 Attempting to load shared library C:\Program Files\Microsoft\jdk-21.0.12.101-hotspot\bin\nio.dll
Event: 0.195 Loaded shared library C:\Program Files\Microsoft\jdk-21.0.12.101-hotspot\bin\nio.dll
Event: 0.198 Attempting to load shared library C:\Program Files\Microsoft\jdk-21.0.12.101-hotspot\bin\zip.dll
Event: 0.199 Loaded shared library C:\Program Files\Microsoft\jdk-21.0.12.101-hotspot\bin\zip.dll
Event: 0.342 Attempting to load shared library C:\Program Files\Microsoft\jdk-21.0.12.101-hotspot\bin\jimage.dll
Event: 0.342 Loaded shared library C:\Program Files\Microsoft\jdk-21.0.12.101-hotspot\bin\jimage.dll
Event: 0.712 Attempting to load shared library C:\Program Files\Microsoft\jdk-21.0.12.101-hotspot\bin\management.dll
Event: 0.713 Loaded shared library C:\Program Files\Microsoft\jdk-21.0.12.101-hotspot\bin\management.dll
Event: 0.719 Attempting to load shared library C:\Program Files\Microsoft\jdk-21.0.12.101-hotspot\bin\management_ext.dll
Event: 0.720 Loaded shared library C:\Program Files\Microsoft\jdk-21.0.12.101-hotspot\bin\management_ext.dll
Event: 2.376 Attempting to load shared library C:\Program Files\Microsoft\jdk-21.0.12.101-hotspot\bin\sunmscapi.dll
Event: 2.379 Loaded shared library C:\Program Files\Microsoft\jdk-21.0.12.101-hotspot\bin\sunmscapi.dll
Event: 7.046 Attempting to load shared library C:\Program Files\Microsoft\jdk-21.0.12.101-hotspot\bin\extnet.dll
Event: 7.046 Loaded shared library C:\Program Files\Microsoft\jdk-21.0.12.101-hotspot\bin\extnet.dll
Event: 9.696 Attempting to load shared library C:\Program Files\Microsoft\jdk-21.0.12.101-hotspot\bin\verify.dll
Event: 9.696 Loaded shared library C:\Program Files\Microsoft\jdk-21.0.12.101-hotspot\bin\verify.dll

Deoptimization events (12 events):
Event: 21.953 Thread 0x000002e52f139f10 DEOPT PACKING pc=0x000002e528039ab4 sp=0x000000eb9b0fb050
Event: 21.953 Thread 0x000002e52f139f10 DEOPT UNPACKING pc=0x000002e5276886e2 sp=0x000000eb9b0fa518 mode 0
Event: 23.168 Thread 0x000002e52f139f10 DEOPT PACKING pc=0x000002e5280398a4 sp=0x000000eb9b0fc5a0
Event: 23.168 Thread 0x000002e52f139f10 DEOPT UNPACKING pc=0x000002e5276886e2 sp=0x000000eb9b0fba60 mode 0
Event: 23.177 Thread 0x000002e52f139f10 DEOPT PACKING pc=0x000002e5280398a4 sp=0x000000eb9b0fd140
Event: 23.177 Thread 0x000002e52f139f10 DEOPT UNPACKING pc=0x000002e5276886e2 sp=0x000000eb9b0fc600 mode 0
Event: 27.487 Thread 0x000002e52f139f10 DEOPT PACKING pc=0x000002e52839edc4 sp=0x000000eb9b0fa050
Event: 27.487 Thread 0x000002e52f139f10 DEOPT UNPACKING pc=0x000002e5276886e2 sp=0x000000eb9b0f9740 mode 0
Event: 27.494 Thread 0x000002e52f139f10 DEOPT PACKING pc=0x000002e52839fa7c sp=0x000000eb9b0fbcd0
Event: 27.494 Thread 0x000002e52f139f10 DEOPT UNPACKING pc=0x000002e5276886e2 sp=0x000000eb9b0fb2e0 mode 0
Event: 27.690 Thread 0x000002e52f139f10 DEOPT PACKING pc=0x000002e52839fa7c sp=0x000000eb9b0fd580
Event: 27.690 Thread 0x000002e52f139f10 DEOPT UNPACKING pc=0x000002e5276886e2 sp=0x000000eb9b0fcb90 mode 0

Classes loaded (20 events):
Event: 4934.043 Loading class java/time/DurationEditor
Event: 4934.043 Loading class java/time/DurationEditor done
Event: 5181.959 Loading class java/net/InetAddressEditor
Event: 5181.959 Loading class java/net/InetAddressEditor done
Event: 5182.047 Loading class java/time/DurationEditor
Event: 5182.047 Loading class java/time/DurationEditor done
Event: 6326.378 Loading class java/net/InetAddressEditor
Event: 6326.382 Loading class java/net/InetAddressEditor done
Event: 6326.483 Loading class java/time/DurationEditor
Event: 6326.483 Loading class java/time/DurationEditor done
Event: 6433.275 Loading class java/lang/invoke/BoundMethodHandle$Species_LLLLLLLLLLLLLLLLLL
Event: 6433.275 Loading class java/lang/invoke/BoundMethodHandle$Species_LLLLLLLLLLLLLLLLLL done
Event: 6616.454 Loading class java/lang/Throwable$WrappedPrintStream
Event: 6616.493 Loading class java/lang/Throwable$PrintStreamOrWriter
Event: 6616.504 Loading class java/lang/Throwable$PrintStreamOrWriter done
Event: 6616.506 Loading class java/lang/Throwable$WrappedPrintStream done
Event: 6627.448 Loading class java/net/InetAddressEditor
Event: 6627.448 Loading class java/net/InetAddressEditor done
Event: 6627.475 Loading class java/time/DurationEditor
Event: 6627.475 Loading class java/time/DurationEditor done

Classes unloaded (20 events):
Event: 6630.642 Thread 0x000002e52f107210 Unloading class 0x000002e532148c00 'java/lang/invoke/LambdaForm$MH+0x000002e532148c00'
Event: 6630.643 Thread 0x000002e52f107210 Unloading class 0x000002e532148800 'java/lang/invoke/LambdaForm$MH+0x000002e532148800'
Event: 6630.643 Thread 0x000002e52f107210 Unloading class 0x000002e532068c00 'java/lang/invoke/LambdaForm$MH+0x000002e532068c00'
Event: 6630.643 Thread 0x000002e52f107210 Unloading class 0x000002e532068800 'java/lang/invoke/LambdaForm$MH+0x000002e532068800'
Event: 6630.643 Thread 0x000002e52f107210 Unloading class 0x000002e531bc8c00 'jdk/internal/reflect/GeneratedSerializationConstructorAccessor457'
Event: 6630.643 Thread 0x000002e52f107210 Unloading class 0x000002e531bc8800 'jdk/internal/reflect/GeneratedSerializationConstructorAccessor456'
Event: 6630.644 Thread 0x000002e52f107210 Unloading class 0x000002e531f15400 'jdk/internal/reflect/GeneratedSerializationConstructorAccessor455'
Event: 6630.644 Thread 0x000002e52f107210 Unloading class 0x000002e532052000 'java/lang/invoke/LambdaForm$MH+0x000002e532052000'
Event: 6630.644 Thread 0x000002e52f107210 Unloading class 0x000002e531facc00 'java/lang/invoke/LambdaForm$MH+0x000002e531facc00'
Event: 6630.644 Thread 0x000002e52f107210 Unloading class 0x000002e531fac800 'java/lang/invoke/LambdaForm$MH+0x000002e531fac800'
Event: 6630.644 Thread 0x000002e52f107210 Unloading class 0x000002e531c86400 'java/lang/invoke/LambdaForm$MH+0x000002e531c86400'
Event: 6630.644 Thread 0x000002e52f107210 Unloading class 0x000002e531c86000 'java/lang/invoke/LambdaForm$MH+0x000002e531c86000'
Event: 6630.644 Thread 0x000002e52f107210 Unloading class 0x000002e5314d5400 'java/lang/invoke/LambdaForm$MH+0x000002e5314d5400'
Event: 6630.644 Thread 0x000002e52f107210 Unloading class 0x000002e5314d5000 'java/lang/invoke/LambdaForm$MH+0x000002e5314d5000'
Event: 6630.644 Thread 0x000002e52f107210 Unloading class 0x000002e531ed1c00 'java/lang/invoke/LambdaForm$MH+0x000002e531ed1c00'
Event: 6630.644 Thread 0x000002e52f107210 Unloading class 0x000002e531ed1800 'jdk/internal/reflect/GeneratedSerializationConstructorAccessor454'
Event: 6630.644 Thread 0x000002e52f107210 Unloading class 0x000002e531edd400 'java/lang/invoke/LambdaForm$MH+0x000002e531edd400'
Event: 6630.644 Thread 0x000002e52f107210 Unloading class 0x000002e531edd000 'java/lang/invoke/LambdaForm$MH+0x000002e531edd000'
Event: 6630.644 Thread 0x000002e52f107210 Unloading class 0x000002e531d03400 'java/lang/invoke/LambdaForm$MH+0x000002e531d03400'
Event: 6630.644 Thread 0x000002e52f107210 Unloading class 0x000002e531d03000 'jdk/internal/reflect/GeneratedSerializationConstructorAccessor453'

Classes redefined (0 events):
No events

Internal exceptions (20 events):
Event: 6442.382 Thread 0x000002e57d062aa0 Exception <a 'java/lang/NoClassDefFoundError'{0x000000008b20b428}: liquibase/exception/ChangeLogParseException> (0x000000008b20b428) 
thrown [s\src\hotspot\share\classfile\systemDictionary.cpp, line 302]
Event: 6618.693 Thread 0x000002e57d5a8ae0 Exception <a 'sun/nio/fs/WindowsException'{0x000000008a35f020}> (0x000000008a35f020) 
thrown [s\src\hotspot\share\prims\jni.cpp, line 520]
Event: 6627.201 Thread 0x000002e57d5a8ae0 Exception <a 'java/lang/NoClassDefFoundError'{0x000000008cdf9718}: liquibase/integration/spring/SpringLiquibase> (0x000000008cdf9718) 
thrown [s\src\hotspot\share\oops\constantPool.cpp, line 873]
Event: 6627.253 Thread 0x000002e57d5a8ae0 Exception <a 'java/lang/NoClassDefFoundError'{0x000000008ca2f610}: org/jooq/DSLContext> (0x000000008ca2f610) 
thrown [s\src\hotspot\share\oops\constantPool.cpp, line 873]
Event: 6627.281 Thread 0x000002e57d5a8ae0 Exception <a 'java/lang/NoClassDefFoundError'{0x000000008c811618}: org/springframework/batch/core/repository/JobRepository> (0x000000008c811618) 
thrown [s\src\hotspot\share\oops\constantPool.cpp, line 873]
Event: 6627.281 Thread 0x000002e57d5a8ae0 Exception <a 'java/lang/NoClassDefFoundError'{0x000000008c811c70}: org/quartz/Scheduler> (0x000000008c811c70) 
thrown [s\src\hotspot\share\oops\constantPool.cpp, line 873]
Event: 6627.469 Thread 0x000002e57d5a8ae0 Exception <a 'java/lang/NoSuchMethodError'{0x000000008be42950}: 'void java.lang.invoke.DelegatingMethodHandle$Holder.reinvoke_L(java.lang.Object, java.lang.Object, int)'> (0x000000008be42950) 
thrown [s\src\hotspot\share\interpreter\linkResolver.cpp, line 773]
Event: 6627.789 Thread 0x000002e57d5a8ae0 Exception <a 'java/lang/NoSuchMethodError'{0x000000008b4f0008}: 'int java.lang.invoke.DirectMethodHandle$Holder.invokeVirtual(java.lang.Object, java.lang.Object, java.lang.Object, java.lang.Object)'> (0x000000008b4f0008) 
thrown [s\src\hotspot\share\interpreter\linkResolver.cpp, line 773]
Event: 6627.790 Thread 0x000002e57d5a8ae0 Exception <a 'java/lang/NoSuchMethodError'{0x000000008b4f3600}: 'int java.lang.invoke.DelegatingMethodHandle$Holder.reinvoke_L(java.lang.Object, java.lang.Object, java.lang.Object, java.lang.Object)'> (0x000000008b4f3600) 
thrown [s\src\hotspot\share\interpreter\linkResolver.cpp, line 773]
Event: 6627.926 Thread 0x000002e57d5a8ae0 Exception <a 'java/io/FileNotFoundException'{0x000000008b3ac920}> (0x000000008b3ac920) 
thrown [s\src\hotspot\share\prims\jni.cpp, line 520]
Event: 6628.453 Thread 0x000002e57d5a8ae0 Exception <a 'java/io/FileNotFoundException'{0x000000008a5b6d88}> (0x000000008a5b6d88) 
thrown [s\src\hotspot\share\prims\jni.cpp, line 520]
Event: 6628.916 Thread 0x000002e57d5a9800 Exception <a 'java/io/FileNotFoundException'{0x0000000089f990c0}> (0x0000000089f990c0) 
thrown [s\src\hotspot\share\prims\jni.cpp, line 520]
Event: 6629.194 Thread 0x000002e57d5a9800 Exception <a 'java/io/FileNotFoundException'{0x0000000089c21698}> (0x0000000089c21698) 
thrown [s\src\hotspot\share\prims\jni.cpp, line 520]
Event: 6629.493 Thread 0x000002e57d5a9800 Exception <a 'java/io/FileNotFoundException'{0x00000000908e3630}> (0x00000000908e3630) 
thrown [s\src\hotspot\share\prims\jni.cpp, line 520]
Event: 6629.782 Thread 0x000002e57d5a9800 Exception <a 'java/io/FileNotFoundException'{0x000000009025ddc0}> (0x000000009025ddc0) 
thrown [s\src\hotspot\share\prims\jni.cpp, line 520]
Event: 6630.066 Thread 0x000002e57d5a9800 Exception <a 'java/io/FileNotFoundException'{0x000000008f7983e0}> (0x000000008f7983e0) 
thrown [s\src\hotspot\share\prims\jni.cpp, line 520]
Event: 6630.352 Thread 0x000002e57d5a9800 Exception <a 'java/io/FileNotFoundException'{0x000000008f3e8670}> (0x000000008f3e8670) 
thrown [s\src\hotspot\share\prims\jni.cpp, line 520]
Event: 6631.137 Thread 0x000002e57d5a9800 Exception <a 'java/io/FileNotFoundException'{0x00000000904103d8}> (0x00000000904103d8) 
thrown [s\src\hotspot\share\prims\jni.cpp, line 520]
Event: 6631.445 Thread 0x000002e57d5a9800 Exception <a 'java/io/FileNotFoundException'{0x000000008fa8bac8}> (0x000000008fa8bac8) 
thrown [s\src\hotspot\share\prims\jni.cpp, line 520]
Event: 6631.741 Thread 0x000002e57d5a9800 Exception <a 'java/io/FileNotFoundException'{0x000000008e2c9700}> (0x000000008e2c9700) 
thrown [s\src\hotspot\share\prims\jni.cpp, line 520]

ZGC Phase Switch (0 events):
No events

VM Operations (20 events):
Event: 6632.054 Executing safepoint VM operation: ICBufferFull
Event: 6632.054 Executing safepoint VM operation: ICBufferFull done
Event: 6632.251 Executing safepoint VM operation: ICBufferFull
Event: 6632.252 Executing safepoint VM operation: ICBufferFull done
Event: 6632.639 Executing safepoint VM operation: G1CollectForAllocation (G1 Evacuation Pause)
Event: 6632.658 Executing safepoint VM operation: G1CollectForAllocation (G1 Evacuation Pause) done
Event: 6633.415 Executing safepoint VM operation: G1CollectForAllocation (G1 Evacuation Pause)
Event: 6633.427 Executing safepoint VM operation: G1CollectForAllocation (G1 Evacuation Pause) done
Event: 6633.560 Executing safepoint VM operation: G1TryInitiateConcMark (CodeCache GC Threshold)
Event: 6633.564 Executing safepoint VM operation: G1TryInitiateConcMark (CodeCache GC Threshold) done
Event: 6633.774 Executing safepoint VM operation: G1PauseRemark
Event: 6633.782 Executing safepoint VM operation: G1PauseRemark done
Event: 6633.873 Executing safepoint VM operation: G1PauseCleanup
Event: 6633.873 Executing safepoint VM operation: G1PauseCleanup done
Event: 6634.009 Executing safepoint VM operation: ICBufferFull
Event: 6634.009 Executing safepoint VM operation: ICBufferFull done
Event: 6634.261 Executing safepoint VM operation: ICBufferFull
Event: 6634.261 Executing safepoint VM operation: ICBufferFull done
Event: 6635.264 Executing safepoint VM operation: Cleanup
Event: 6635.264 Executing safepoint VM operation: Cleanup done

Memory protections (0 events):
No events

Nmethod flushes (20 events):
Event: 6631.083 Thread 0x000002e52f107210 flushing  nmethod 0x000002e529289e90
Event: 6631.083 Thread 0x000002e52f107210 flushing  nmethod 0x000002e52928a190
Event: 6631.083 Thread 0x000002e52f107210 flushing  nmethod 0x000002e52928a490
Event: 6631.083 Thread 0x000002e52f107210 flushing  nmethod 0x000002e52928a790
Event: 6631.083 Thread 0x000002e52f107210 flushing  nmethod 0x000002e52928b510
Event: 6631.083 Thread 0x000002e52f107210 flushing  nmethod 0x000002e52928b810
Event: 6631.083 Thread 0x000002e52f107210 flushing  nmethod 0x000002e52928bb10
Event: 6631.083 Thread 0x000002e52f107210 flushing  nmethod 0x000002e52928be10
Event: 6631.083 Thread 0x000002e52f107210 flushing  nmethod 0x000002e52928c110
Event: 6631.083 Thread 0x000002e52f107210 flushing  nmethod 0x000002e52928c410
Event: 6631.083 Thread 0x000002e52f107210 flushing  nmethod 0x000002e52928cd90
Event: 6631.083 Thread 0x000002e52f107210 flushing  nmethod 0x000002e5292c2910
Event: 6631.083 Thread 0x000002e52f107210 flushing  nmethod 0x000002e5292c2c90
Event: 6631.083 Thread 0x000002e52f107210 flushing  nmethod 0x000002e5292c3610
Event: 6631.083 Thread 0x000002e52f107210 flushing  nmethod 0x000002e5292c3b90
Event: 6631.083 Thread 0x000002e52f107210 flushing  nmethod 0x000002e5292c3e90
Event: 6631.083 Thread 0x000002e52f107210 flushing  nmethod 0x000002e5292c4210
Event: 6631.083 Thread 0x000002e52f107210 flushing  nmethod 0x000002e5292c4810
Event: 6631.083 Thread 0x000002e52f107210 flushing  nmethod 0x000002e5292c4e10
Event: 6631.083 Thread 0x000002e52f107210 flushing  nmethod 0x000002e5292c5210

Events (20 events):
Event: 6442.400 Thread 0x000002e57d5a7dc0 Thread exited: 0x000002e57d5a7dc0
Event: 6447.384 Thread 0x000002e57dfcb800 Thread exited: 0x000002e57dfcb800
Event: 6448.492 Thread 0x000002e57d065200 Thread exited: 0x000002e57d065200
Event: 6452.395 Thread 0x000002e57dbc9ba0 Thread exited: 0x000002e57dbc9ba0
Event: 6616.529 Thread 0x000002e57d063e50 Thread exited: 0x000002e57d063e50
Event: 6617.523 Thread 0x000002e577352d80 Thread exited: 0x000002e577352d80
Event: 6618.088 Thread 0x000002e57d061060 Thread added: 0x000002e57d5a8ae0
Event: 6618.686 Thread 0x000002e52f141e40 Thread added: 0x000002e57dfca390
Event: 6618.798 Thread 0x000002e52f141e40 Thread added: 0x000002e57d9ced60
Event: 6620.948 Thread 0x000002e57d9ced60 Thread exited: 0x000002e57d9ced60
Event: 6622.015 Thread 0x000002e57dfca390 Thread exited: 0x000002e57dfca390
Event: 6622.662 Thread 0x000002e52f141e40 Thread added: 0x000002e57db92a70
Event: 6622.951 Thread 0x000002e52f141e40 Thread added: 0x000002e57db93140
Event: 6623.841 Thread 0x000002e57d5a8ae0 Thread added: 0x000002e57d5a9800
Event: 6623.990 Thread 0x000002e57d5a9800 Thread exited: 0x000002e57d5a9800
Event: 6628.652 Thread 0x000002e57d5a8ae0 Thread added: 0x000002e57d5ab8d0
Event: 6628.704 Thread 0x000002e57d5a8ae0 Thread added: 0x000002e57d5acc80
Event: 6628.813 Thread 0x000002e57d5acc80 Thread added: 0x000002e57d5a9800
Event: 6636.939 Thread 0x000002e57d5a9800 Thread exited: 0x000002e57d5a9800
Event: 6638.661 Thread 0x000002e57db93140 Thread exited: 0x000002e57db93140


Dynamic libraries:
0x00007ff685e30000 - 0x00007ff685e3e000 	C:\Program Files\Microsoft\jdk-21.0.12.101-hotspot\bin\java.exe
0x00007ffde1de0000 - 0x00007ffde2046000 	C:\WINDOWS\SYSTEM32\ntdll.dll
0x00007ffde0200000 - 0x00007ffde02c9000 	C:\WINDOWS\System32\KERNEL32.DLL
0x00007ffddf450000 - 0x00007ffddf84f000 	C:\WINDOWS\System32\KERNELBASE.dll
0x00007ffddf0a0000 - 0x00007ffddf1ec000 	C:\WINDOWS\System32\ucrtbase.dll
0x00007ffdcc0a0000 - 0x00007ffdcc0be000 	C:\Program Files\Microsoft\jdk-21.0.12.101-hotspot\bin\VCRUNTIME140.dll
0x00007ffdcc010000 - 0x00007ffdcc028000 	C:\Program Files\Microsoft\jdk-21.0.12.101-hotspot\bin\jli.dll
0x00007ffde17c0000 - 0x00007ffde1986000 	C:\WINDOWS\System32\USER32.dll
0x00007ffddf990000 - 0x00007ffddf9b7000 	C:\WINDOWS\System32\win32u.dll
0x00007ffde07d0000 - 0x00007ffde07fb000 	C:\WINDOWS\System32\GDI32.dll
0x00007ffdcabe0000 - 0x00007ffdcae71000 	C:\WINDOWS\WinSxS\amd64_microsoft.windows.common-controls_6595b64144ccf1df_6.0.26100.8972_none_3e0da176e32f9d4b\COMCTL32.dll
0x00007ffddf860000 - 0x00007ffddf989000 	C:\WINDOWS\System32\gdi32full.dll
0x00007ffde0000000 - 0x00007ffde00a9000 	C:\WINDOWS\System32\msvcrt.dll
0x00007ffddeff0000 - 0x00007ffddf093000 	C:\WINDOWS\System32\msvcp_win.dll
0x00007ffde06d0000 - 0x00007ffde0702000 	C:\WINDOWS\System32\IMM32.DLL
0x00007ffdd3070000 - 0x00007ffdd307c000 	C:\Program Files\Microsoft\jdk-21.0.12.101-hotspot\bin\vcruntime140_1.dll
0x00007ffd9d240000 - 0x00007ffd9d2c9000 	C:\Program Files\Microsoft\jdk-21.0.12.101-hotspot\bin\msvcp140.dll
0x00007ffd2b350000 - 0x00007ffd2c0ff000 	C:\Program Files\Microsoft\jdk-21.0.12.101-hotspot\bin\server\jvm.dll
0x00007ffde0110000 - 0x00007ffde01cc000 	C:\WINDOWS\System32\ADVAPI32.dll
0x00007ffde1b40000 - 0x00007ffde1bea000 	C:\WINDOWS\System32\sechost.dll
0x00007ffde1bf0000 - 0x00007ffde1d08000 	C:\WINDOWS\System32\RPCRT4.dll
0x00007ffde1d10000 - 0x00007ffde1d92000 	C:\WINDOWS\System32\WS2_32.dll
0x00007ffddee70000 - 0x00007ffddeece000 	C:\WINDOWS\SYSTEM32\POWRPROF.dll
0x00007ffdcaba0000 - 0x00007ffdcabd6000 	C:\WINDOWS\SYSTEM32\WINMM.dll
0x00007ffdd6720000 - 0x00007ffdd672b000 	C:\WINDOWS\SYSTEM32\VERSION.dll
0x00007ffddee50000 - 0x00007ffddee65000 	C:\WINDOWS\SYSTEM32\UMPDC.dll
0x00007ffdddca0000 - 0x00007ffdddcbb000 	C:\WINDOWS\SYSTEM32\kernel.appcore.dll
0x00007ffdcd760000 - 0x00007ffdcd76a000 	C:\Program Files\Microsoft\jdk-21.0.12.101-hotspot\bin\jimage.dll
0x00007ffddc6a0000 - 0x00007ffddc8e2000 	C:\WINDOWS\SYSTEM32\DBGHELP.DLL
0x00007ffde02d0000 - 0x00007ffde0655000 	C:\WINDOWS\System32\combase.dll
0x00007ffddfb10000 - 0x00007ffddfbe9000 	C:\WINDOWS\System32\OLEAUT32.dll
0x00007ffdc0800000 - 0x00007ffdc083b000 	C:\WINDOWS\SYSTEM32\dbgcore.DLL
0x00007ffddfa50000 - 0x00007ffddfafc000 	C:\WINDOWS\System32\bcryptPrimitives.dll
0x00007ffdb4db0000 - 0x00007ffdb4dd1000 	C:\Program Files\Microsoft\jdk-21.0.12.101-hotspot\bin\java.dll
0x00007ffde0f30000 - 0x00007ffde16b8000 	C:\WINDOWS\System32\SHELL32.dll
0x00007ffddca80000 - 0x00007ffddd31b000 	C:\WINDOWS\SYSTEM32\windows.storage.dll
0x00007ffde0800000 - 0x00007ffde08f9000 	C:\WINDOWS\System32\SHCORE.dll
0x00007ffde0660000 - 0x00007ffde06c6000 	C:\WINDOWS\System32\shlwapi.dll
0x00007ffddef10000 - 0x00007ffddef39000 	C:\WINDOWS\SYSTEM32\profapi.dll
0x00007ffdbf9b0000 - 0x00007ffdbf9c1000 	C:\Program Files\Microsoft\jdk-21.0.12.101-hotspot\bin\net.dll
0x00007ffdd2c80000 - 0x00007ffdd2da8000 	C:\WINDOWS\SYSTEM32\WINHTTP.dll
0x00007ffdde240000 - 0x00007ffdde2ac000 	C:\WINDOWS\system32\mswsock.dll
0x00007ffdba810000 - 0x00007ffdba826000 	C:\Program Files\Microsoft\jdk-21.0.12.101-hotspot\bin\nio.dll
0x00007ffdba7a0000 - 0x00007ffdba7b8000 	C:\Program Files\Microsoft\jdk-21.0.12.101-hotspot\bin\zip.dll
0x00007ffdccdd0000 - 0x00007ffdccdda000 	C:\Program Files\Microsoft\jdk-21.0.12.101-hotspot\bin\management.dll
0x00007ffdcc090000 - 0x00007ffdcc09c000 	C:\Program Files\Microsoft\jdk-21.0.12.101-hotspot\bin\management_ext.dll
0x00007ffde19a0000 - 0x00007ffde19a8000 	C:\WINDOWS\System32\PSAPI.DLL
0x00007ffdc2740000 - 0x00007ffdc274e000 	C:\Program Files\Microsoft\jdk-21.0.12.101-hotspot\bin\sunmscapi.dll
0x00007ffddf200000 - 0x00007ffddf37e000 	C:\WINDOWS\System32\CRYPT32.dll
0x00007ffdde7c0000 - 0x00007ffdde7f0000 	C:\WINDOWS\SYSTEM32\ncrypt.dll
0x00007ffdde770000 - 0x00007ffdde7af000 	C:\WINDOWS\SYSTEM32\NTASN1.dll
0x00007ffdde580000 - 0x00007ffdde59b000 	C:\WINDOWS\SYSTEM32\CRYPTSP.dll
0x00007ffdddc00000 - 0x00007ffdddc39000 	C:\WINDOWS\system32\rsaenh.dll
0x00007ffdde2f0000 - 0x00007ffdde322000 	C:\WINDOWS\SYSTEM32\USERENV.dll
0x00007ffddeee0000 - 0x00007ffddef0a000 	C:\WINDOWS\SYSTEM32\bcrypt.dll
0x00007ffdde5a0000 - 0x00007ffdde5ac000 	C:\WINDOWS\SYSTEM32\CRYPTBASE.dll
0x00007ffddd650000 - 0x00007ffddd683000 	C:\WINDOWS\SYSTEM32\IPHLPAPI.DLL
0x00007ffde1990000 - 0x00007ffde199a000 	C:\WINDOWS\System32\NSI.dll
0x00007ffddd690000 - 0x00007ffddd7e8000 	C:\WINDOWS\SYSTEM32\DNSAPI.dll
0x00007ffdde060000 - 0x00007ffdde06d000 	C:\WINDOWS\SYSTEM32\DSPARSE.dll
0x00007ffdd38b0000 - 0x00007ffdd38bb000 	C:\Windows\System32\rasadhlp.dll
0x00007ffdd14b0000 - 0x00007ffdd1536000 	C:\WINDOWS\System32\fwpuclnt.dll
0x00007ffdc0a10000 - 0x00007ffdc0a19000 	C:\Program Files\Microsoft\jdk-21.0.12.101-hotspot\bin\extnet.dll
0x00007ffdcd620000 - 0x00007ffdcd630000 	C:\Program Files\Microsoft\jdk-21.0.12.101-hotspot\bin\verify.dll
0x00007ffdbbb30000 - 0x00007ffdbbb38000 	C:\WINDOWS\system32\wshunix.dll

JVMTI agents: none

dbghelp: loaded successfully - version: 4.0.5 - missing functions: none
symbol engine: initialized successfully - sym options: 0x614 - pdb path: .;C:\Program Files\Microsoft\jdk-21.0.12.101-hotspot\bin;C:\WINDOWS\SYSTEM32;C:\WINDOWS\WinSxS\amd64_microsoft.windows.common-controls_6595b64144ccf1df_6.0.26100.8972_none_3e0da176e32f9d4b;C:\Program Files\Microsoft\jdk-21.0.12.101-hotspot\bin\server

VM Arguments:
jvm_args: -XX:TieredStopAtLevel=1 
java_command: com.fitouts.FitOutsApplication
java_class_path (initial): D:\onepath\JCT\Fit-Outs-Backend\target\classes;C:\Users\DELL\.m2\repository\ch\qos\logback\logback-classic\1.5.18\logback-classic-1.5.18.jar;C:\Users\DELL\.m2\repository\ch\qos\logback\logback-core\1.5.18\logback-core-1.5.18.jar;C:\Users\DELL\.m2\repository\org\apache\logging\log4j\log4j-to-slf4j\2.24.3\log4j-to-slf4j-2.24.3.jar;C:\Users\DELL\.m2\repository\org\apache\logging\log4j\log4j-api\2.24.3\log4j-api-2.24.3.jar;C:\Users\DELL\.m2\repository\org\slf4j\jul-to-slf4j\2.0.17\jul-to-slf4j-2.0.17.jar;C:\Users\DELL\.m2\repository\jakarta\annotation\jakarta.annotation-api\2.1.1\jakarta.annotation-api-2.1.1.jar;C:\Users\DELL\.m2\repository\org\yaml\snakeyaml\2.4\snakeyaml-2.4.jar;C:\Users\DELL\.m2\repository\com\fasterxml\jackson\datatype\jackson-datatype-jdk8\2.19.0\jackson-datatype-jdk8-2.19.0.jar;C:\Users\DELL\.m2\repository\com\fasterxml\jackson\module\jackson-module-parameter-names\2.19.0\jackson-module-parameter-names-2.19.0.jar;C:\Users\DELL\.m2\repository\org\apache\tomcat\embed\tomcat-embed-core\10.1.41\tomcat-embed-core-10.1.41.jar;C:\Users\DELL\.m2\repository\org\apache\tomcat\embed\tomcat-embed-websocket\10.1.41\tomcat-embed-websocket-10.1.41.jar;C:\Users\DELL\.m2\repository\org\springframework\spring-web\6.2.7\spring-web-6.2.7.jar;C:\Users\DELL\.m2\repository\org\springframework\spring-beans\6.2.7\spring-beans-6.2.7.jar;C:\Users\DELL\.m2\repository\io\micrometer\micrometer-observation\1.15.0\micrometer-observation-1.15.0.jar;C:\Users\DELL\.m2\repository\io\micrometer\micrometer-commons\1.15.0\micrometer-commons-1.15.0.jar;C:\Users\DELL\.m2\repository\org\springframework\spring-webmvc\6.2.7\spring-webmvc-6.2.7.jar;C:\Users\DELL\.m2\repository\org\springframework\spring-expression\6.2.7\spring-expression-6.2.7.jar;C:\Users\DELL\.m2\repository\org\springframework\spring-aop\6.2.7\spring-aop-6.2.7.jar;C:\Users\DELL\.m2\repository\org\springframework\security\spring-security-config\6.5.0\spring-security-config-6.5.0.jar;C:\Users\DELL\.m2\repository\org\springframework\security\spring-security-web\6.5.0\spring-security-web-6.5.0.jar;C:\Users\DELL\.m2\repository\com\zaxxer\HikariCP\6.3.0\HikariCP-6.3.0.jar;C:\Users\DELL\.m2\repository\org\hibernate\orm\hibernate-core\6.6.15.Final\hibernate-core-6.6.15.Final.jar;C:\Users\DELL\.m2\repository\jakarta\persistence\jakarta.persistence-api\3.1.0\jakarta.persistence-api-3.1.0.jar;C:\Users\DELL\.m2\repository\org\jboss\logging\jboss-logging\3.6.1.Final\jboss-logging-3.6.1.Final.jar;C:\Users\DELL\.m2\repository\org\hibernate\common\hibernate-commons-annotations\7.0.3.Final\hibernate-commons-annotations-7.0.3.Final.jar;C:\Users\DELL\.m2\repository\io\smallrye\jandex\3.2.0\jandex-3.2.0.jar;C:\Users\DELL\.m2\repository\com\fasterxml\classmate\1.7.0\classmate-1.7.0.jar;C:\Users\DELL\.m2\repository\net\bytebuddy\byte-buddy\1.17.5\byte-buddy-1.17.5.jar;C:\Users\DELL\.m2\repository\org\glassfish\jaxb\jaxb-runtime\4.0.5\jaxb-runtime-4.0.5.jar;C:\Users\DELL\.m2\repository\org\glassfish\jaxb\jaxb-core\4.0.5\jaxb-core-4.0.5.jar;C:\Users\DELL\.m2\repository\org\glassfish\jaxb\txw2\4.0.5\txw2-4.0.5.jar;C:\Users\DELL\.m2\repository\com\sun\istack\istack-commons-runtime\4.1.2\istack-commons-runtime-4.1.2.jar;C:\Users\DELL\.m2\repository\jakarta\inject\jakarta.inject-api\2.0.1\jakarta.inject-api-2.0.1.jar;C:\Users\DELL\.m2\repository\org\antlr\antlr4-runtime\4.13.0\antlr4-runtime-4.13.0.jar;C:\Users\DELL\.m2\repository\org\springframework\data\spring-data-jpa\3.5.0\spring-data-jpa-3.5.0.jar;C:\Users\DELL\.m2\repository\org\springframework\data\spring-data-commons\3.5.0\spring-data-commons-3.5.0.jar;C:\Users\DELL\.m2\repository\org\springframework\spring-orm\6.2.7\spring-orm-6.2.7.jar;C:\Users\DELL\.m2\repository\org\springframework\spring-tx\6.2.7\spring-tx-6.2.7.jar;C:\Users\DELL\.m2\repository\org\slf4j\slf4j-api\2.0.17\slf4j-api-2.0.17.jar;C:\Users\DELL\.m2\repository\org\springframework\spring-aspects\6.2.7\spring-aspects-6.2.7.jar;C:\Users\DELL\.m2\repository\org\aspectj\aspectjweaver\1.9.24\aspectjweaver-1.9.24.jar;C:\Users\DELL\.m2\repository\org\springframework\session\spring-session-jdbc\3.5.0\spring-session-jdbc-3.5.0.jar;C:\Users\DELL\.m2\repository\org\springframework\session\spring-session-core\3.5.0\spring-session-core-3.5.0.jar;C:\Users\DELL\.m2\repository\org\springframework\spring-jcl\6.2.7\spring-jcl-6.2.7.jar;C:\Users\DELL\.m2\repository\org\springframework\spring-context\6.2.7\spring-context-6.2.7.jar;C:\Users\DELL\.m2\repository\org\springframework\spring-jdbc\6.2.7\spring-jdbc-6.2.7.jar;C:\Users\DELL\.m2\repository\org\postgresql\postgresql\42.7.5\postgresql-42.7.5.jar;C:\Users\DELL\.m2\repository\org\checkerframework\checker-qual\3.48.3\checker-qual-3.48.3.jar;C:\Users\DELL\.m2\repository\org\flywaydb\flyway-core\11.7.2\flyway-core-11.7.2.jar;C:\Users\DELL\.m2\repository\com\fasterxml\jackson\dataformat\jackson-dataformat-toml\2.19.0\jackson-dataformat-toml-2.19.0.jar;C:\Users\DELL\.m2\repository\com\fasterxml\jackson\datatype\jackson-datatype-jsr310\2.19.0\jackson-datatype-jsr310-2.19.0.jar;C:\Users\DELL\.m2\repository\com\fasterxml\jackson\core\jackson-annotations\2.19.0\jackson-annotations-2.19.0.jar;C:\Users\DELL\.m2\repository\org\flywaydb\flyway-database-postgresql\11.7.2\flyway-database-postgresql-11.7.2.jar;C:\Users\DELL\.m2\repository\org\apache\tomcat\embed\tomcat-embed-el\10.1.41\tomcat-embed-el-10.1.41.jar;C:\Users\DELL\.m2\repository\org\hibernate\validator\hibernate-validator\8.0.2.Final\hibernate-validator-8.0.2.Final.jar;C:\Users\DELL\.m2\repository\jakarta\validation\jakarta.validation-api\3.0.2\jakarta.validation-api-3.0.2.jar;C:\Users\DELL\.m2\repository\com\fasterxml\jackson\datatype\jackson-datatype-hibernate6\2.19.0\jackson-datatype-hibernate6-2.19.0.jar;C:\Users\DELL\.m2\repository\jakarta\transaction\jakarta.transaction-api\2.0.1\jakarta.transaction-api-2.0.1.jar;C:\Users\DELL\.m2\repository\com\fasterxml\jackson\core\jackson-core\2.19.0\jackson-core-2.19.0.jar;C:\Users\DELL\.m2\repository\com\fasterxml\jackson\core\jackson-databind\2.19.0\jackson-databind-2.19.0.jar;C:\Users\DELL\.m2\repository\org\springframework\spring-context-support\6.2.7\spring-context-support-6.2.7.jar;C:\Users\DELL\.m2\repository\org\eclipse\angus\jakarta.mail\2.0.3\jakarta.mail-2.0.3.jar;C:\Users\DELL\.m2\repository\jakarta\activation\jakarta.activation-api\2.1.3\jakarta.activation-api-2.1.3.jar;C:\Users\DELL\.m2\repository\org\eclipse\angus\angus-activation\2.0.2\angus-activation-2.0.2.jar;C:\Users\DELL\.m2\repository\org\thymeleaf\thymeleaf-spring6\3.1.3.RELEASE\thymeleaf-spring6-3.1.3.RELEASE.jar;C:\Users\DELL\.m2\repository\org\thymeleaf\thymeleaf\3.1.3.RELEASE\thymeleaf-3.1.3.RELEASE.jar;C:\Users\DELL\.m2\repository\org\attoparser\attoparser\2.0.7.RELEASE\attoparser-2.0.7.RELEASE.jar;C:\Users\DELL\.m2\repository\org\unbescape\unbescape\1.1.6.RELEASE\unbescape-1.1.6.RELEASE.jar;C:\Users\DELL\.m2\repository\org\springframework\spring-messaging\6.2.7\spring-messaging-6.2.7.jar;C:\Users\DELL\.m2\repository\org\springframework\spring-websocket\6.2.7\spring-websocket-6.2.7.jar;C:\Users\DELL\.m2\repository\org\projectlombok\lombok\1.18.38\lombok-1.18.38.jar;C:\Users\DELL\.m2\repository\org\springframework\boot\spring-boot-devtools\3.5.0\spring-boot-devtools-3.5.0.jar;C:\Users\DELL\.m2\repository\org\springframework\boot\spring-boot\3.5.0\spring-boot-3.5.0.jar;C:\Users\DELL\.m2\repository\org\springframework\boot\spring-boot-autoconfigure\3.5.0\spring-boot-autoconfigure-3.5.0.jar;C:\Users\DELL\.m2\repository\me\paulschwarz\spring-dotenv\4.0.0\spring-dotenv-4.0.0.jar;C:\Users\DELL\.m2\repository\io\github\cdimascio\dotenv-java\3.0.0\dotenv-java-3.0.0.jar;C:\Users\DELL\.m2\repository\jakarta\xml\bind\jakarta.xml.bind-api\4.0.2\jakarta.xml.bind-api-4.0.2.jar;C:\Users\DELL\.m2\repository\org\springframework\spring-core\6.2.7\spring-core-6.2.7.jar;C:\Users\DELL\.m2\repository\org\springdoc\springdoc-openapi-starter-webmvc-ui\2.8.6\springdoc-openapi-starter-webmvc-ui-2.8.6.jar;C:\Users\DELL\.m2\repository\org\springdoc\springdoc-openapi-starter-webmvc-api\2.8.6\springdoc-openapi-starter-webmvc-api-2.8.6.jar;C:\Users\DELL\.m2\repository\org\springdoc\springdoc-openapi-starter-common\2.8.6\springdoc-openapi-starter-common-2.8.6.jar;C:\Users\DELL\.m2\repository\io\swagger\core\v3\swagger-core-jakarta\2.2.29\swagger-core-jakarta-2.2.29.jar;C:\Users\DELL\.m2\repository\org\apache\commons\commons-lang3\3.17.0\commons-lang3-3.17.0.jar;C:\Users\DELL\.m2\repository\io\swagger\core\v3\swagger-annotations-jakarta\2.2.29\swagger-annotations-jakarta-2.2.29.jar;C:\Users\DELL\.m2\repository\io\swagger\core\v3\swagger-models-jakarta\2.2.29\swagger-models-jakarta-2.2.29.jar;C:\Users\DELL\.m2\repository\com\fasterxml\jackson\dataformat\jackson-dataformat-yaml\2.19.0\jackson-dataformat-yaml-2.19.0.jar;C:\Users\DELL\.m2\repository\org\webjars\swagger-ui\5.20.1\swagger-ui-5.20.1.jar;C:\Users\DELL\.m2\repository\org\webjars\webjars-locator-lite\1.1.0\webjars-locator-lite-1.1.0.jar;C:\Users\DELL\.m2\repository\org\jspecify\jspecify\1.0.0\jspecify-1.0.0.jar;C:\Users\DELL\.m2\repository\org\springframework\security\spring-security-core\6.5.0\spring-security-core-6.5.0.jar;C:\Users\DELL\.m2\repository\org\springframework\security\spring-security-crypto\6.5.0\spring-security-crypto-6.5.0.jar;C:\Users\DELL\.m2\repository\software\amazon\awssdk\s3\2.29.45\s3-2.29.45.jar;C:\Users\DELL\.m2\repository\software\amazon\awssdk\aws-xml-protocol\2.29.45\aws-xml-protocol-2.29.45.jar;C:\Users\DELL\.m2\repository\software\amazon\awssdk\aws-query-protocol\2.29.45\aws-query-protocol-2.29.45.jar;C:\Users\DELL\.m2\repository\software\amazon\awssdk\protocol-core\2.29.45\protocol-core-2.29.45.jar;C:\Users\DELL\.m2\repository\software\amazon\awssdk\arns\2.29.45\arns-2.29.45.jar;C:\Users\DELL\.m2\repository\software\amazon\awssdk\profiles\2.29.45\profiles-2.29.45.jar;C:\Users\DELL\.m2\repository\software\amazon\awssdk\crt-core\2.29.45\crt-core-2.29.45.jar;C:\Users\DELL\.m2\repository\software\amazon\awssdk\http-auth\2.29.45\http-auth-2.29.45.jar;C:\Users\DELL\.m2\repository\software\amazon\awssdk\identity-spi\2.29.45\identity-spi-2.29.45.jar;C:\Users\DELL\.m2\repository\software\amazon\awssdk\http-auth-spi\2.29.45\http-auth-spi-2.29.45.jar;C:\Users\DELL\.m2\repository\org\reactivestreams\reactive-streams\1.0.4\reactive-streams-1.0.4.jar;C:\Users\DELL\.m2\repository\software\amazon\awssdk\http-auth-aws\2.29.45\http-auth-aws-2.29.45.jar;C:\Users\DELL\.m2\repository\software\amazon\awssdk\checksums\2.29.45\checksums-2.29.45.jar;C:\Users\DELL\.m2\repository\software\amazon\awssdk\checksums-spi\2.29.45\checksums-spi-2.29.45.jar;C:\Users\DELL\.m2\repository\software\amazon\awssdk\retries-spi\2.29.45\retries-spi-2.29.45.jar;C:\Users\DELL\.m2\repository\software\amazon\awssdk\sdk-core\2.29.45\sdk-core-2.29.45.jar;C:\Users\DELL\.m2\repository\software\amazon\awssdk\retries\2.29.45\retries-2.29.45.jar;C:\Users\DELL\.m2\repository\software\amazon\awssdk\auth\2.29.45\auth-2.29.45.jar;C:\Users\DELL\.m2\repository\software\amazon\awssdk\http-auth-aws-eventstream\2.29.45\http-auth-aws-eventstream-2.29.45.jar;C:\Users\DELL\.m2\repository\software\amazon\eventstream\eventstream\1.0.1\eventstream-1.0.1.jar;C:\Users\DELL\.m2\repository\software\amazon\awssdk\http-client-spi\2.29.45\http-client-spi-2.29.45.jar;C:\Users\DELL\.m2\repository\software\amazon\awssdk\regions\2.29.45\regions-2.29.45.jar;C:\Users\DELL\.m2\repository\software\amazon\awssdk\annotations\2.29.45\annotations-2.29.45.jar;C:\Users\DELL\.m2\repository\software\amazon\awssdk\utils\2.29.45\utils-2.29.45.jar;C:\Users\DELL\.m2\repository\software\amazon\awssdk\aws-core\2.29.45\aws-core-2.29.45.jar;C:\Users\DELL\.m2\repository\software\amazon\awssdk\metrics-spi\2.29.45\metrics-spi-2.29.45.jar;C:\Users\DELL\.m2\repository\software\amazon\awssdk\json-utils\2.29.45\json-utils-2.29.45.jar;C:\Users\DELL\.m2\repository\software\amazon\awssdk\third-party-jackson-core\2.29.45\third-party-jackson-core-2.29.45.jar;C:\Users\DELL\.m2\repository\software\amazon\awssdk\endpoints-spi\2.29.45\endpoints-spi-2.29.45.jar;C:\Users\DELL\.m2\repository\software\amazon\awssdk\apache-client\2.29.45\apache-client-2.29.45.jar;C:\Users\DELL\.m2\repository\org\apache\httpcomponents\httpclient\4.5.13\httpclient-4.5.13.jar;C:\Users\DELL\.m2\repository\commons-logging\commons-logging\1.2\commons-logging-1.2.jar;C:\Users\DELL\.m2\repository\org\apache\httpcomponents\httpcore\4.4.16\httpcore-4.4.16.jar;C:\Users\DELL\.m2\repository\commons-codec\commons-codec\1.18.0\commons-codec-1.18.0.jar;C:\Users\DELL\.m2\repository\software\amazon\awssdk\netty-nio-client\2.29.45\netty-nio-client-2.29.45.jar;C:\Users\DELL\.m2\repository\io\netty\netty-codec-http\4.1.121.Final\netty-codec-http-4.1.121.Final.jar;C:\Users\DELL\.m2\repository\io\netty\netty-codec-http2\4.1.121.Final\netty-codec-http2-4.1.121.Final.jar;C:\Users\DELL\.m2\repository\io\netty\netty-codec\4.1.121.Final\netty-codec-4.1.121.Final.jar;C:\Users\DELL\.m2\repository\io\netty\netty-transport\4.1.121.Final\netty-transport-4.1.121.Final.jar;C:\Users\DELL\.m2\repository\io\netty\netty-common\4.1.121.Final\netty-common-4.1.121.Final.jar;C:\Users\DELL\.m2\repository\io\netty\netty-buffer\4.1.121.Final\netty-buffer-4.1.121.Final.jar;C:\Users\DELL\.m2\repository\io\netty\netty-handler\4.1.121.Final\netty-handler-4.1.121.Final.jar;C:\Users\DELL\.m2\repository\io\netty\netty-transport-native-unix-common\4.1.121.Final\netty-transport-native-unix-common-4.1.121.Final.jar;C:\Users\DELL\.m2\repository\io\netty\netty-transport-classes-epoll\4.1.121.Final\netty-transport-classes-epoll-4.1.121.Final.jar;C:\Users\DELL\.m2\repository\io\netty\netty-resolver\4.1.121.Final\netty-resolver-4.1.121.Final.jar;C:\Users\DELL\.m2\repository\org\kabeja\kabeja\0.4\kabeja-0.4.jar;C:\Users\DELL\.m2\repository\org\kabeja\kabeja-svg\0.4\kabeja-svg-0.4.jar
Launcher Type: SUN_STANDARD

[Global flags]
     bool UseCompressedOops                        = true                           {product lp64_product} {ergonomic}
     intx TieredStopAtLevel                        = 1                                         {product} {command line}
     bool UseLargePagesIndividualAllocation        = false                                  {pd product} {ergonomic}
     intx CICompilerCount                          = 3                                         {product} {ergonomic}
     bool ProfileInterpreter                       = false                                  {pd product} {command line}
   size_t MinHeapDeltaBytes                        = 1048576                                   {product} {ergonomic}
    uintx NonProfiledCodeHeapSize                  = 0                                      {pd product} {ergonomic}
    uintx ProfiledCodeHeapSize                     = 0                                      {pd product} {ergonomic}
    uintx NonNMethodCodeHeapSize                   = 4096                                   {pd product} {ergonomic}
   size_t G1HeapRegionSize                         = 1048576                                   {product} {ergonomic}
     uint G1ConcRefinementThreads                  = 4                                         {product} {ergonomic}
     bool UseG1GC                                  = true                                      {product} {ergonomic}
     uint ConcGCThreads                            = 1                                         {product} {ergonomic}
   size_t MarkStackSize                            = 4194304                                   {product} {ergonomic}
   size_t MinHeapSize                              = 8388608                                   {product} {ergonomic}
   size_t InitialHeapSize                          = 132120576                                 {product} {ergonomic}
   size_t MaxHeapSize                              = 2086666240                                {product} {ergonomic}
   size_t SoftMaxHeapSize                          = 2086666240                             {manageable} {ergonomic}
   size_t MaxNewSize                               = 1251999744                                {product} {ergonomic}
    uintx GCDrainStackTargetSize                   = 64                                        {product} {ergonomic}

Logging:
Log output configuration:
 #0: stdout all=warning uptime,level,tags foldmultilines=false
 #1: stderr all=off uptime,level,tags foldmultilines=false

Release file:
IMPLEMENTOR="Microsoft" 
IMPLEMENTOR_VERSION="Microsoft-14941484" 
JAVA_RUNTIME_VERSION="21.0.12.1+1-LTS" 
JAVA_VERSION="21.0.12.1" 
JAVA_VERSION_DATE="2026-08-18" 
LIBC="default" 
MODULES="java.base java.compiler java.datatransfer java.xml java.prefs java.desktop java.instrument java.logging java.management java.security.sasl java.naming java.rmi java.management.rmi java.net.http java.scripting java.security.jgss java.transaction.xa java.sql java.sql.rowset java.xml.crypto java.se java.smartcardio jdk.accessibility jdk.internal.jvmstat jdk.attach jdk.charsets jdk.internal.opt jdk.zipfs jdk.compiler jdk.crypto.ec jdk.crypto.cryptoki jdk.crypto.mscapi jdk.dynalink jdk.internal.ed jdk.editpad jdk.hotspot.agent jdk.httpserver jdk.incubator.vector jdk.internal.le jdk.internal.vm.ci jdk.internal.vm.compiler jdk.internal.vm.compiler.management jdk.jartool jdk.javadoc jdk.jcmd jdk.management jdk.management.agent jdk.jconsole jdk.jdeps jdk.jdwp.agent jdk.jdi jdk.jfr jdk.jlink jdk.jpackage jdk.jshell jdk.jsobject jdk.jstatd jdk.localedata jdk.management.jfr jdk.naming.dns jdk.naming.rmi jdk.net jdk.nio.mapmode jdk.random jdk.sctp jdk.security.auth jdk.security.jgss jdk.unsupported jdk.unsupported.desktop jdk.xml.dom" 
OS_ARCH="x86_64" 
OS_NAME="Windows" 
SOURCE=".:git:6f26c6b2b098" 

Environment Variables:
JAVA_HOME=C:\Program Files\Microsoft\jdk-21.0.12.101-hotspot
PATH=C:\Program Files\Microsoft\jdk-21.0.12.101-hotspot\bin;d:\onepath\JCT\Fit-Outs-Backend\.tools\apache-maven-3.9.11\bin;C:\Program Files\Microsoft\jdk-21.0.12.101-hotspot\bin;d:\onepath\JCT\Fit-Outs-Backend\.tools\apache-maven-3.9.11\bin;C:\Program Files\Microsoft\jdk-21.0.12.101-hotspot\bin;d:\onepath\JCT\Fit-Outs-Backend\.tools\apache-maven-3.9.11\bin;c:\Users\DELL\AppData\Local\Programs\cursor\resources\app\node_modules\@vscode\ripgrep\bin;C:\Program Files\Microsoft\jdk-21.0.12.101-hotspot\bin;C:\WINDOWS\system32;C:\WINDOWS;C:\WINDOWS\System32\Wbem;C:\WINDOWS\System32\WindowsPowerShell\v1.0\;C:\WINDOWS\System32\OpenSSH\;C:\Program Files\Git\cmd;C:\Program Files\nodejs\;C:\Users\DELL\AppData\Local\Programs\Python\Python311\Scripts\;C:\Users\DELL\AppData\Local\Programs\Python\Python311\;C:\Users\DELL\AppData\Local\Microsoft\WindowsApps;C:\Users\DELL\AppData\Local\Programs\Microsoft VS Code\bin;C:\Users\DELL\AppData\Roaming\npm;C:\Users\DELL\AppData\Local\Programs\cursor\resources\app\bin;C:\Users\DELL\AppData\Local\Programs\DockerDesktop\resources\bin;C:\Users\DELL\AppData\Local\GitHubDesktop\bin
USERNAME=DELL
TERM=dumb
OS=Windows_NT
PROCESSOR_IDENTIFIER=Intel64 Family 6 Model 126 Stepping 5, GenuineIntel
TMP=C:\Users\DELL\AppData\Local\Temp
TEMP=C:\Users\DELL\AppData\Local\Temp




Periodic native trim disabled

---------------  S Y S T E M  ---------------

OS:
 Windows 11 , 64 bit Build 26100 (10.0.26100.9168)
OS uptime: 25 days 11:02 hours
Hyper-V role detected

CPU: total 4 (initial active 4) (2 cores per cpu, 2 threads per core) family 6 model 126 stepping 5 microcode 0xc2, cx8, cmov, fxsr, ht, mmx, 3dnowpref, sse, sse2, sse3, ssse3, sse4.1, sse4.2, popcnt, lzcnt, tsc, tscinvbit, avx, avx2, aes, erms, clmul, bmi1, bmi2, adx, avx512f, avx512dq, avx512cd, avx512bw, avx512vl, sha, fma, vzeroupper, avx512_vpopcntdq, avx512_vpclmulqdq, avx512_vaes, avx512_vnni, clflush, clflushopt, avx512_vbmi2, avx512_vbmi, hv, rdtscp, rdpid, fsrm, gfni, avx512_bitalg, f16c, avx512_ifma
Processor Information for the first 4 processors :
  Max Mhz: 1190, Current Mhz: 1190, Mhz Limit: 1190

Memory: 4k page, system-wide physical 7959M (650M free)
TotalPageFile size 23099M (AvailPageFile size 0M)
current process WorkingSet (physical memory assigned to process): 442M, peak: 511M
current process commit charge ("private bytes"): 516M, peak: 580M

vm_info: OpenJDK 64-Bit Server VM (21.0.12.1+1-LTS) for windows-amd64 JRE (21.0.12.1+1-LTS), built on 2026-08-11T20:50:01Z by "MicrosoftCorporation" with MS VC++ 17.14 (VS2022)

END.
